LTspice 24.1.9 for Windows
Circuit: C:\Users\mla4685\OneDrive - FH Vorarlberg\Desktop\Sensorik\Lab2\Umgebung 2.net
Start Time: Wed Jun  3 10:18:05 2026
C:\Users\mla4685\OneDrive - FH Vorarlberg\Desktop\Sensorik\Lab2\Umgebung 2.net(11): Sub-circuit name listed twice. This is most likely because the corresponding symbol contains the name in more than one attribute.
X§U1 N001 N003 V+ V- out LM324 LM324
                              ^^^^^^
solver = Normal
Maximum thread count: 28
tnom = 27
temp = 27
method = trap
Direct Newton iteration failed to find .op point.  (Use ".option noopiter" to skip.)
Starting Gmin stepping
Gmin = 10
Gmin = 1.07374
Gmin = 0.115292
Gmin = 0.0123794
Gmin = 0.00132923
Gmin = 0.000142725
vernier = 0.5
vernier = 0.25
vernier = 0.125
Gmin = 7.87341e-05
vernier = 0.0625
vernier = 0.03125
vernier = 0.015625
vernier = 0.0078125
Gmin = 8.07206e-05
vernier = 0.0104167
vernier = 0.0138889
Gmin = 7.86144e-05
vernier = 0.0185185
Gmin = 7.54127e-05
vernier = 0.0246913
vernier = 0.0329218
Gmin = 7.03348e-05
vernier = 0.0438957
vernier = 0.0585276
Gmin = 6.29497e-05
vernier = 0.0780367
Gmin = 5.28948e-05
vernier = 0.104049
vernier = 0.138732
Gmin = 3.95611e-05
vernier = 0.184976
vernier = 0.246634
Gmin = 2.49969e-05
vernier = 0.328846
Gmin = 1.22482e-05
vernier = 0.438461
vernier = 0.584614
Gmin = 3.80249e-06
vernier = 0.779486
vernier = 1
Gmin = 6.36555e-07
vernier = 0.5
vernier = 0.25
vernier = 0.125
vernier = 0.0625
Gmin = 2.08586e-07
vernier = 0.03125
vernier = 0.015625
vernier = 0.0078125
vernier = 0.00390625
vernier = 0.00195312
vernier = 0.000976562
vernier = 0.000488281
Gmin = 0
Gmin stepping failed

Starting source stepping with srcstepmethod=0
Source Step = 3.0303%
Source Step = 33.3333%
Source Step = 63.6364%
Source Step = 88.6364%
vernier = 0.0625
Source Step = 87.8995%
Source Step = 87.9291%
Source Step = 87.9587%
Source Step = 87.9883%
Source Step = 88.0179%
vernier = 0.00146484
Source Step = 88.0519%
Source Step = 88.0963%
Source Step = 88.1407%
Source Step = 88.1851%
Source Step = 88.2295%
vernier = 0.00219727
Source Step = 88.2783%
Source Step = 88.3449%
Source Step = 88.4115%
Source Step = 88.478%
Source Step = 88.5446%
vernier = 0.0032959
Source Step = 88.6145%
Source Step = 88.7144%
Source Step = 88.8143%
Source Step = 88.9142%
Source Step = 89.014%
Source Step = 89.1139%
vernier = 0.00494385
Source Step = 89.2637%
Source Step = 89.4135%
Source Step = 89.5634%
Source Step = 89.7132%
Source Step = 89.863%
vernier = 0.00741577
Source Step = 90.0072%
Source Step = 90.0634%
Source Step = 90.1195%
Source Step = 90.1757%
Source Step = 90.2319%
Source Step = 90.2881%
Source Step = 90.3443%
Source Step = 90.4004%
Source Step = 90.4566%
Source Step = 90.5128%
Source Step = 90.569%
Source Step = 90.6252%
Source Step = 90.6813%
Source Step = 90.7375%
Source Step = 90.7937%
Source Step = 90.8499%
Source Step = 90.9061%
Source Step = 90.9622%
Source Step = 91.0184%
Source Step = 91.0746%
Source Step = 91.1308%
Source Step = 91.187%
Source Step = 91.2431%
Source Step = 91.2993%
Source Step = 91.3555%
Source Step = 91.4117%
Source Step = 91.4679%
Source Step = 91.524%
Source Step = 91.5802%
Source Step = 91.6364%
Source Step = 91.6926%
Source Step = 91.7488%
Source Step = 91.8049%
Source Step = 91.8611%
Source Step = 91.9173%
Source Step = 91.9735%
Source Step = 92.0297%
Source Step = 92.0858%
Source Step = 92.142%
Source Step = 92.1982%
Source Step = 92.2544%
Source Step = 92.3106%
Source Step = 92.3667%
Source Step = 92.4229%
Source Step = 92.4791%
Source Step = 92.5353%
Source Step = 92.5915%
Source Step = 92.6476%
Source Step = 92.7038%
Source Step = 92.76%
Source Step = 92.8162%
Source Step = 92.8724%
Source Step = 92.9285%
Source Step = 92.9847%
Source Step = 93.0409%
Source Step = 93.0971%
Source Step = 93.1533%
Source Step = 93.2094%
Source Step = 93.2656%
Source Step = 93.3218%
Source Step = 93.378%
Source Step = 93.4342%
Source Step = 93.4903%
Source Step = 93.5465%
Source Step = 93.6027%
Source Step = 93.6589%
Source Step = 93.7151%
Source Step = 93.7712%
Source Step = 93.8274%
Source Step = 93.8836%
Source Step = 93.9398%
Source Step = 93.996%
Source Step = 94.0521%
Source Step = 94.1083%
Source Step = 94.1645%
Source Step = 94.2207%
Source Step = 94.2769%
Source Step = 94.333%
Source Step = 94.3892%
Source Step = 94.4454%
Source Step = 94.5016%
Source Step = 94.5578%
Source Step = 94.6139%
Source Step = 94.6701%
Source Step = 94.7263%
Source Step = 94.7825%
Source Step = 94.8387%
Source Step = 94.8948%
Source Step = 94.951%
Source Step = 95.0072%
Source Step = 95.0634%
Source Step = 95.1196%
Source Step = 95.1757%
Source Step = 95.2319%
Source Step = 95.2881%
Source Step = 95.3443%
Source Step = 95.4005%
Source Step = 95.4566%
Source Step = 95.5128%
Source Step = 95.569%
Source Step = 95.6252%
Source Step = 95.6814%
Source Step = 95.7375%
Source Step = 95.7937%
Source Step = 95.8499%
Source Step = 95.9061%
Source Step = 95.9623%
Source Step = 96.0185%
Source Step = 96.0746%
Source Step = 96.1308%
Source Step = 96.187%
Source Step = 96.2432%
Source Step = 96.2994%
Source Step = 96.3555%
Source Step = 96.4117%
Source Step = 96.4679%
Source Step = 96.5241%
Source Step = 96.5803%
Source Step = 96.6364%
Source Step = 96.6926%
Source Step = 96.7488%
Source Step = 96.805%
Source Step = 96.8612%
Source Step = 96.9173%
Source Step = 96.9735%
Source Step = 97.0297%
Source Step = 97.0859%
Source Step = 97.1421%
Source Step = 97.1982%
Source Step = 97.2544%
Source Step = 97.3106%
Source Step = 97.3668%
Source Step = 97.423%
Source Step = 97.4791%
Source Step = 97.5353%
Source Step = 97.5915%
Source Step = 97.6477%
Source Step = 97.7039%
Source Step = 97.76%
Source Step = 97.8162%
Source Step = 97.8724%
Source Step = 97.9286%
Source Step = 97.9848%
Source Step = 98.0409%
Source Step = 98.0971%
vernier = 0.00278091
Source Step = 98.1786%
Source Step = 98.2628%
Source Step = 98.3471%
Source Step = 98.4314%
Source Step = 98.5157%
vernier = 0.00417137
Source Step = 98.6336%
Source Step = 98.76%
Source Step = 98.8864%
Source Step = 99.0128%
Source Step = 99.1393%
vernier = 0.00625706
Source Step = 99.3099%
Source Step = 99.4995%
Source Step = 99.6891%
Source Step = 99.8787%
Source stepping succeeded in finding the operating point.

.step t_val=0
C:\Users\mla4685\OneDrive - FH Vorarlberg\Desktop\Sensorik\Lab2\Umgebung 2.net(11): Sub-circuit name listed twice. This is most likely because the corresponding symbol contains the name in more than one attribute.
X§U1 N001 N003 V+ V- out LM324 LM324
                              ^^^^^^
.step t_val=25
C:\Users\mla4685\OneDrive - FH Vorarlberg\Desktop\Sensorik\Lab2\Umgebung 2.net(11): Sub-circuit name listed twice. This is most likely because the corresponding symbol contains the name in more than one attribute.
X§U1 N001 N003 V+ V- out LM324 LM324
                              ^^^^^^
.step t_val=50
Total elapsed time: 24.799 seconds.

Files loaded:
C:\Users\mla4685\OneDrive - FH Vorarlberg\Desktop\Sensorik\Lab2\Umgebung 2.net
C:\Users\mla4685\OneDrive - FH Vorarlberg\Desktop\Sensorik\Lab2\LM324.lib


Measurement: avgrestemp
  step	AVG(V(out)/I(R8))	FROM	TO
     1	973.68609302	0	0.05
     2	973.686382063	0	0.05
     3	973.686382063	0	0.05
