\BOOKMARK [1][-]{section.1}{\376\377\000L\000e\000k\000t\000i\000o\000n\000\040\0002\000:\000\040\000E\000n\000e\000r\000g\000y\000\040\000H\000a\000r\000v\000e\000s\000t\000e\000r\000\040\040\023\000\040\000S\000y\000s\000t\000e\000m\000e\000\040\000u\000n\000d\000\040\000p\000h\000y\000s\000i\000k\000a\000l\000i\000s\000c\000h\000e\000\040\000W\000a\000n\000d\000l\000e\000r\000p\000r\000i\000n\000z\000i\000p\000i\000e\000n}{}% 1
\BOOKMARK [2][-]{subsection.1.1}{\376\377\000S\000y\000s\000t\000e\000m\000a\000r\000c\000h\000i\000t\000e\000k\000t\000u\000r\000\040\000u\000n\000d\000\040\000H\000e\000r\000a\000u\000s\000f\000o\000r\000d\000e\000r\000u\000n\000g\000e\000n}{section.1}% 2
\BOOKMARK [2][-]{subsection.1.2}{\376\377\000M\000a\000t\000h\000e\000m\000a\000t\000i\000s\000c\000h\000-\000P\000h\000y\000s\000i\000k\000a\000l\000i\000s\000c\000h\000e\000\040\000W\000a\000n\000d\000l\000e\000r\000k\000o\000n\000z\000e\000p\000t\000e}{section.1}% 3
\BOOKMARK [3][-]{subsubsection.1.2.1}{\376\377\000P\000h\000o\000t\000o\000v\000o\000l\000t\000a\000i\000s\000c\000h\000e\000s\000\040\000H\000a\000r\000v\000e\000s\000t\000i\000n\000g}{subsection.1.2}% 4
\BOOKMARK [3][-]{subsubsection.1.2.2}{\376\377\000T\000h\000e\000r\000m\000o\000e\000l\000e\000k\000t\000r\000i\000s\000c\000h\000e\000s\000\040\000H\000a\000r\000v\000e\000s\000t\000i\000n\000g\000\040\000\050\000T\000E\000G\000\051}{subsection.1.2}% 5
\BOOKMARK [3][-]{subsubsection.1.2.3}{\376\377\000P\000i\000e\000z\000o\000e\000l\000e\000k\000t\000r\000i\000s\000c\000h\000e\000s\000\040\000H\000a\000r\000v\000e\000s\000t\000i\000n\000g}{subsection.1.2}% 6
\BOOKMARK [3][-]{subsubsection.1.2.4}{\376\377\000E\000l\000e\000k\000t\000r\000o\000s\000t\000a\000t\000i\000s\000c\000h\000e\000\040\000u\000n\000d\000\040\000E\000l\000e\000k\000t\000r\000o\000m\000a\000g\000n\000e\000t\000i\000s\000c\000h\000e\000\040\000W\000a\000n\000d\000l\000e\000r}{subsection.1.2}% 7
\BOOKMARK [3][-]{subsubsection.1.2.5}{\376\377\000H\000F\000-\000/\000R\000F\000-\000H\000a\000r\000v\000e\000s\000t\000i\000n\000g}{subsection.1.2}% 8
\BOOKMARK [2][-]{subsection.1.3}{\376\377\000L\000o\000w\000-\000P\000o\000w\000e\000r\000\040\000D\000e\000s\000i\000g\000n\000\040\000u\000n\000d\000\040\000V\000e\000r\000l\000u\000s\000t\000l\000e\000i\000s\000t\000u\000n\000g\000s\000m\000e\000c\000h\000a\000n\000i\000s\000m\000e\000n}{section.1}% 9
\BOOKMARK [1][-]{section.2}{\376\377\000L\000e\000k\000t\000i\000o\000n\000\040\0001\000:\000\040\000E\000i\000n\000f\000\374\000h\000r\000u\000n\000g\000\040\000i\000n\000\040\000d\000i\000e\000\040\000T\000r\000a\000n\000s\000p\000o\000n\000d\000e\000r\000t\000e\000c\000h\000n\000o\000l\000o\000g\000i\000e\000\040\000\050\000R\000F\000I\000D\000\051}{}% 10
\BOOKMARK [2][-]{subsection.2.1}{\376\377\000K\000l\000a\000s\000s\000i\000f\000i\000k\000a\000t\000i\000o\000n\000\040\000n\000a\000c\000h\000\040\000E\000n\000e\000r\000g\000i\000e\000-\000\040\000u\000n\000d\000\040\000K\000o\000p\000p\000l\000u\000n\000g\000s\000a\000r\000t\000e\000n}{section.2}% 11
\BOOKMARK [2][-]{subsection.2.2}{\376\377\000E\000l\000e\000k\000t\000r\000o\000m\000a\000g\000n\000e\000t\000i\000s\000c\000h\000e\000\040\000F\000e\000l\000d\000t\000h\000e\000o\000r\000i\000e\000\040\000u\000n\000d\000\040\000F\000e\000l\000d\000s\000t\000\344\000r\000k\000e\000b\000e\000r\000e\000c\000h\000n\000u\000n\000g}{section.2}% 12
\BOOKMARK [3][-]{subsubsection.2.2.1}{\376\377\000M\000a\000g\000n\000e\000t\000f\000e\000l\000d\000b\000e\000r\000e\000c\000h\000n\000u\000n\000g\000\040\000\050\000B\000i\000o\000t\000-\000S\000a\000v\000a\000r\000t\000\051}{subsection.2.2}% 13
\BOOKMARK [3][-]{subsubsection.2.2.2}{\376\377\000G\000e\000g\000e\000n\000i\000n\000d\000u\000k\000t\000i\000v\000i\000t\000\344\000t\000\040\000u\000n\000d\000\040\000K\000o\000p\000p\000l\000u\000n\000g\000s\000f\000a\000k\000t\000o\000r}{subsection.2.2}% 14
\BOOKMARK [2][-]{subsection.2.3}{\376\377\000R\000e\000s\000o\000n\000a\000n\000z\000v\000e\000r\000h\000a\000l\000t\000e\000n\000\040\000v\000o\000n\000\040\000R\000L\000C\000-\000S\000c\000h\000w\000i\000n\000g\000k\000r\000e\000i\000s\000e\000n}{section.2}% 15
\BOOKMARK [2][-]{subsection.2.4}{\376\377\000D\000a\000t\000e\000n\000\374\000b\000e\000r\000t\000r\000a\000g\000u\000n\000g\000\040\000u\000n\000d\000\040\000A\000n\000t\000i\000k\000o\000l\000l\000i\000s\000i\000o\000n\000s\000v\000e\000r\000f\000a\000h\000r\000e\000n}{section.2}% 16
\BOOKMARK [2][-]{subsection.2.5}{\376\377\000O\000b\000e\000r\000f\000l\000\344\000c\000h\000e\000n\000w\000e\000l\000l\000e\000n\000s\000e\000n\000s\000o\000r\000e\000n\000\040\000\050\000S\000A\000W\000\040\040\023\000\040\000S\000u\000r\000f\000a\000c\000e\000\040\000A\000c\000o\000u\000s\000t\000i\000c\000\040\000W\000a\000v\000e\000\051}{section.2}% 17
\BOOKMARK [1][-]{section.3}{\376\377\000R\000a\000d\000a\000r\000-\000G\000r\000u\000n\000d\000l\000a\000g\000e\000n\000\040\000u\000n\000d\000\040\000A\000n\000w\000e\000n\000d\000u\000n\000g\000e\000n}{}% 18
\BOOKMARK [2][-]{subsection.3.1}{\376\377\000S\000y\000s\000t\000e\000m\000d\000e\000f\000i\000n\000i\000t\000i\000o\000n\000\040\000u\000n\000d\000\040\000M\000e\000s\000s\000g\000r\000\366\000\337\000e\000n}{section.3}% 19
\BOOKMARK [2][-]{subsection.3.2}{\376\377\000M\000o\000d\000u\000l\000a\000t\000i\000o\000n\000s\000v\000e\000r\000f\000a\000h\000r\000e\000n\000\040\000u\000n\000d\000\040\000m\000a\000t\000h\000e\000m\000a\000t\000i\000s\000c\000h\000e\000\040\000F\000u\000n\000k\000t\000i\000o\000n\000s\000p\000r\000i\000n\000z\000i\000p\000i\000e\000n}{section.3}% 20
\BOOKMARK [3][-]{subsubsection.3.2.1}{\376\377\000P\000u\000l\000s\000r\000a\000d\000a\000r}{subsection.3.2}% 21
\BOOKMARK [3][-]{subsubsection.3.2.2}{\376\377\000D\000o\000p\000p\000l\000e\000r\000-\000R\000a\000d\000a\000r\000\040\000\050\000C\000W\000-\000R\000a\000d\000a\000r\000\051}{subsection.3.2}% 22
\BOOKMARK [3][-]{subsubsection.3.2.3}{\376\377\000F\000M\000C\000W\000-\000R\000a\000d\000a\000r\000\040\000\050\000F\000r\000e\000q\000u\000e\000n\000c\000y\000\040\000M\000o\000d\000u\000l\000a\000t\000e\000d\000\040\000C\000o\000n\000t\000i\000n\000u\000o\000u\000s\000\040\000W\000a\000v\000e\000\051}{subsection.3.2}% 23
\BOOKMARK [3][-]{subsubsection.3.2.4}{\376\377\000P\000N\000-\000R\000a\000d\000a\000r\000\040\000\050\000P\000s\000e\000u\000d\000o\000-\000N\000o\000i\000s\000e\000\051}{subsection.3.2}% 24
\BOOKMARK [2][-]{subsection.3.3}{\376\377\000D\000i\000e\000\040\000R\000a\000d\000a\000r\000g\000l\000e\000i\000c\000h\000u\000n\000g\000\040\000\050\000L\000e\000i\000s\000t\000u\000n\000g\000s\000b\000i\000l\000a\000n\000z\000\051}{section.3}% 25
\BOOKMARK [2][-]{subsection.3.4}{\376\377\000D\000i\000g\000i\000t\000a\000l\000e\000\040\000S\000i\000g\000n\000a\000l\000v\000e\000r\000a\000r\000b\000e\000i\000t\000u\000n\000g\000s\000k\000e\000t\000t\000e}{section.3}% 26
\BOOKMARK [3][-]{subsubsection.3.4.1}{\376\377\0002\000D\000-\000R\000a\000n\000g\000e\000-\000D\000o\000p\000p\000l\000e\000r\000-\000V\000e\000r\000a\000r\000b\000e\000i\000t\000u\000n\000g}{subsection.3.4}% 27
\BOOKMARK [3][-]{subsubsection.3.4.2}{\376\377\000C\000F\000A\000R\000-\000A\000l\000g\000o\000r\000i\000t\000h\000m\000u\000s\000\040\000\050\000C\000o\000n\000s\000t\000a\000n\000t\000\040\000F\000a\000l\000s\000e\000\040\000A\000l\000a\000r\000m\000\040\000R\000a\000t\000e\000\051}{subsection.3.4}% 28
\BOOKMARK [3][-]{subsubsection.3.4.3}{\376\377\000W\000i\000n\000k\000e\000l\000s\000c\000h\000\344\000t\000z\000u\000n\000g\000\040\000\050\000A\000o\000A\000\051\000\040\000u\000n\000d\000\040\000M\000I\000M\000O\000-\000R\000a\000d\000a\000r}{subsection.3.4}% 29
