LTspice 24.1.9 for Windows
Circuit: C:\Users\Mathias Lampert\Documents\Mathias Schule_Studium\FH\ELITE-Semester\EIT_3\Schaltungstechnik\Labor\Labor6\Reglerkreis_neu_vorlage.net
Start Time: Thu Nov 20 16:02:13 2025
solver = Normal
Maximum thread count: 32
tnom = 27
temp = 27
method = trap
Early termination of direct N-R iteration.
Direct Newton iteration failed to find .op point.  (Use ".option noopiter" to skip.)
Starting Gmin stepping
Increasing initial diagonal Gmin to 100
Increasing initial diagonal Gmin to 1000
Gmin = 1000
vernier = 0.5
vernier = 0.25
vernier = 0.125
vernier = 0.0625
Gmin = 836.601
vernier = 0.03125
vernier = 0.015625
vernier = 0.0078125
vernier = 0.00390625
Gmin = 822.125
vernier = 0.00195312
vernier = 0.000976562
vernier = 0.000488281
Gmin = 0
Gmin = 0
Gmin stepping failed

Starting source stepping with srcstepmethod=0
Source Step = 3.0303%
Source Step = 33.3333%
Source Step = 63.6364%
Source Step = 93.9394%
Source stepping succeeded in finding the operating point.

Total elapsed time: 0.251 seconds.

Files loaded:
C:\Users\Mathias Lampert\Documents\Mathias Schule_Studium\FH\ELITE-Semester\EIT_3\Schaltungstechnik\Labor\Labor6\Reglerkreis_neu_vorlage.net
C:\Users\Mathias Lampert\Documents\Mathias Schule_Studium\FH\ELITE-Semester\EIT_3\Schaltungstechnik\Labor\Labor6\LM324.txt
C:\Users\Mathias Lampert\Documents\Mathias Schule_Studium\FH\ELITE-Semester\EIT_3\Schaltungstechnik\Labor\Labor6\UA741.txt

ymax: MAX(V(N002))=1 FROM 0 TO 1
yfinal: AVG(V(N002))=5.00000000028e-06 FROM 0.6 TO 0.9
overshoot: '(ymax - yfinal)/yfinal*100'=19999899.9989
ymax1: MAX(V(Ausgangsgroesse1))=10.0668764114 FROM 0 TO 1
yfinal1: AVG(V(Ausgangsgroesse1))=0.972879175821 FROM 0.6 TO 0.9
