\BOOKMARK [1][-]{section.1}{\376\377\000E\000i\000n\000l\000e\000i\000t\000u\000n\000g\000\040\000u\000n\000d\000\040\000L\000e\000r\000n\000z\000i\000e\000l\000e}{}% 1
\BOOKMARK [1][-]{section.2}{\376\377\000V\000e\000r\000w\000e\000n\000d\000e\000t\000e\000\040\000H\000a\000r\000d\000-\000\040\000u\000n\000d\000\040\000S\000o\000f\000t\000w\000a\000r\000e}{}% 2
\BOOKMARK [1][-]{section.3}{\376\377\000T\000h\000e\000o\000r\000e\000t\000i\000s\000c\000h\000e\000\040\000G\000r\000u\000n\000d\000l\000a\000g\000e\000n}{}% 3
\BOOKMARK [2][-]{subsection.3.1}{\376\377\000\334\000b\000e\000r\000t\000r\000a\000g\000u\000n\000g\000s\000f\000u\000n\000k\000t\000i\000o\000n\000\040\000d\000e\000s\000\040\000n\000i\000c\000h\000t\000-\000i\000n\000v\000e\000r\000t\000i\000e\000r\000e\000n\000d\000e\000n\000\040\000V\000e\000r\000s\000t\000\344\000r\000k\000e\000r\000s}{section.3}% 4
\BOOKMARK [2][-]{subsection.3.2}{\376\377\000E\000i\000n\000g\000a\000n\000g\000s\000o\000f\000f\000s\000e\000t\000s\000p\000a\000n\000n\000u\000n\000g}{section.3}% 5
\BOOKMARK [2][-]{subsection.3.3}{\376\377\000P\000e\000a\000k\000-\000P\000e\000a\000k\000-\000S\000p\000a\000n\000n\000u\000n\000g\000\040\000a\000u\000s\000\040\000d\000e\000m\000\040\000R\000M\000S\000-\000W\000e\000r\000t}{section.3}% 6
\BOOKMARK [2][-]{subsection.3.4}{\376\377\000S\000c\000h\000r\000o\000t\000r\000a\000u\000s\000c\000h\000e\000n}{section.3}% 7
\BOOKMARK [1][-]{section.4}{\376\377\000A\000u\000f\000g\000a\000b\000e\000n\000\040\0001\040\023\0004\000:\000\040\000B\000e\000r\000e\000c\000h\000n\000u\000n\000g\000\040\000u\000n\000d\000\040\000L\000T\000S\000p\000i\000c\000e\000-\000S\000i\000m\000u\000l\000a\000t\000i\000o\000n}{}% 8
\BOOKMARK [2][-]{subsection.4.1}{\376\377\000A\000u\000f\000g\000a\000b\000e\000\040\0001\040\023\0002\000:\000\040\000\334\000b\000e\000r\000t\000r\000a\000g\000u\000n\000g\000s\000f\000u\000n\000k\000t\000i\000o\000n\000\040\000u\000n\000d\000\040\000A\000u\000s\000g\000a\000n\000g\000s\000s\000p\000a\000n\000n\000u\000n\000g}{section.4}% 9
\BOOKMARK [2][-]{subsection.4.2}{\376\377\000A\000u\000f\000g\000a\000b\000e\000\040\0003\000:\000\040\000L\000T\000S\000p\000i\000c\000e\000-\000S\000i\000m\000u\000l\000a\000t\000i\000o\000n\000\040\000o\000h\000n\000e\000\040\000O\000f\000f\000s\000e\000t\000-\000K\000o\000r\000r\000e\000k\000t\000u\000r}{section.4}% 10
\BOOKMARK [2][-]{subsection.4.3}{\376\377\000A\000u\000f\000g\000a\000b\000e\000\040\0004\000:\000\040\000O\000f\000f\000s\000e\000t\000-\000K\000o\000r\000r\000e\000k\000t\000u\000r\000\040\000u\000n\000d\000\040\000D\000C\000-\000S\000w\000e\000e\000p}{section.4}% 11
\BOOKMARK [1][-]{section.5}{\376\377\000A\000u\000f\000g\000a\000b\000e\000n\000\040\0005\040\023\0008\000:\000\040\000R\000a\000u\000s\000c\000h\000s\000i\000m\000u\000l\000a\000t\000i\000o\000n\000\040\000i\000n\000\040\000L\000T\000S\000p\000i\000c\000e}{}% 12
\BOOKMARK [2][-]{subsection.5.1}{\376\377\000A\000u\000f\000g\000a\000b\000e\000\040\0005\040\023\0006\000:\000\040\000R\000a\000u\000s\000c\000h\000s\000p\000e\000k\000t\000r\000u\000m\000\040\000u\000n\000d\000\040\000R\000M\000S\000-\000W\000e\000r\000t}{section.5}% 13
\BOOKMARK [2][-]{subsection.5.2}{\376\377\000A\000u\000f\000g\000a\000b\000e\000\040\0007\000:\000\040\000P\000e\000a\000k\000-\000P\000e\000a\000k\000-\000S\000p\000a\000n\000n\000u\000n\000g}{section.5}% 14
\BOOKMARK [2][-]{subsection.5.3}{\376\377\000A\000u\000f\000g\000a\000b\000e\000\040\0008\000:\000\040\000E\000i\000n\000g\000a\000n\000g\000s\000-\000R\000M\000S\000-\000W\000e\000r\000t}{section.5}% 15
\BOOKMARK [1][-]{section.6}{\376\377\000A\000u\000f\000g\000a\000b\000e\000n\000\040\0009\040\023\0001\0004\000:\000\040\000D\000a\000t\000e\000n\000a\000u\000f\000z\000e\000i\000c\000h\000n\000u\000n\000g\000\040\000m\000i\000t\000\040\000D\000i\000g\000i\000l\000e\000n\000t\000\040\000W\000a\000v\000e\000F\000o\000r\000m}{}% 16
\BOOKMARK [1][-]{section.7}{\376\377\000A\000u\000f\000g\000a\000b\000e\000n\000\040\0001\0005\040\023\0001\0007\000:\000\040\000M\000A\000T\000L\000A\000B\000-\000A\000u\000s\000w\000e\000r\000t\000u\000n\000g}{}% 17
\BOOKMARK [2][-]{subsection.7.1}{\376\377\000M\000A\000T\000L\000A\000B\000-\000S\000k\000r\000i\000p\000t}{section.7}% 18
\BOOKMARK [2][-]{subsection.7.2}{\376\377\000A\000u\000f\000g\000a\000b\000e\000\040\0001\0005\000:\000\040\000E\000r\000s\000t\000e\000\040\000M\000e\000s\000s\000u\000n\000g\000\040\000\374\000b\000e\000r\000\040\000d\000a\000s\000\040\000D\000i\000g\000i\000l\000e\000n\000t\000\040\000B\000r\000e\000a\000d\000b\000o\000a\000r\000d}{section.7}% 19
\BOOKMARK [2][-]{subsection.7.3}{\376\377\000A\000u\000f\000g\000a\000b\000e\000\040\0001\0006\000:\000\040\000Z\000w\000e\000i\000t\000e\000\040\000M\000e\000s\000s\000u\000n\000g\000\040\000\374\000b\000e\000r\000\040\000d\000a\000s\000\040\000D\000i\000g\000i\000l\000e\000n\000t\000\040\000B\000r\000e\000a\000d\000b\000o\000a\000r\000d}{section.7}% 20
\BOOKMARK [2][-]{subsection.7.4}{\376\377\000A\000u\000f\000g\000a\000b\000e\000\040\0001\0007\000:\000\040\000M\000e\000s\000s\000u\000n\000g\000\040\000m\000i\000t\000\040\000B\000a\000t\000t\000e\000r\000i\000e\000b\000e\000t\000r\000i\000e\000b}{section.7}% 21
\BOOKMARK [1][-]{section.8}{\376\377\000A\000u\000f\000g\000a\000b\000e\000n\000\040\0001\0008\040\023\0002\0003\000:\000\040\000W\000i\000d\000e\000r\000s\000t\000a\000n\000d\000s\000r\000a\000u\000s\000c\000h\000e\000n\000\040\000u\000n\000d\000\040\000S\000c\000h\000r\000o\000t\000r\000a\000u\000s\000c\000h\000e\000n}{}% 22
\BOOKMARK [2][-]{subsection.8.1}{\376\377\000A\000u\000f\000g\000a\000b\000e\000n\000\040\0001\0008\040\023\0001\0009\000:\000\040\000R\000a\000u\000s\000c\000h\000a\000n\000t\000e\000i\000l\000\040\000d\000e\000s\000\040\000E\000i\000n\000g\000a\000n\000g\000s\000w\000i\000d\000e\000r\000s\000t\000a\000n\000d\000s}{section.8}% 23
\BOOKMARK [2][-]{subsection.8.2}{\376\377\000A\000u\000f\000g\000a\000b\000e\000n\000\040\0002\0000\040\023\0002\0003\000:\000\040\000S\000c\000h\000r\000o\000t\000r\000a\000u\000s\000c\000h\000e\000n\000\040\000a\000m\000\040\000T\000r\000a\000n\000s\000i\000s\000t\000o\000r\000\040\000B\000C\0003\0003\0007}{section.8}% 24
\BOOKMARK [1][-]{section.9}{\376\377\000Z\000u\000s\000a\000m\000m\000e\000n\000f\000a\000s\000s\000u\000n\000g\000\040\000d\000e\000r\000\040\000M\000e\000s\000s\000e\000r\000g\000e\000b\000n\000i\000s\000s\000e}{}% 25
