\BOOKMARK [1][-]{section.1}{\376\377\000E\000i\000n\000l\000e\000i\000t\000u\000n\000g}{}% 1
\BOOKMARK [1][-]{section.2}{\376\377\000G\000e\000g\000e\000b\000e\000n\000e\000\040\000G\000r\000\366\000\337\000e\000n\000\040\000u\000n\000d\000\040\000S\000c\000h\000a\000l\000t\000u\000n\000g\000s\000s\000t\000r\000u\000k\000t\000u\000r}{}% 2
\BOOKMARK [2][-]{subsection.2.1}{\376\377\000V\000o\000r\000g\000e\000g\000e\000b\000e\000n\000e\000\040\000B\000a\000u\000t\000e\000i\000l\000w\000e\000r\000t\000e}{section.2}% 3
\BOOKMARK [2][-]{subsection.2.2}{\376\377\000G\000e\000f\000o\000r\000d\000e\000r\000t\000e\000\040\000E\000c\000k\000f\000r\000e\000q\000u\000e\000n\000z\000e\000n\000\040\000a\000u\000s\000\040\000d\000e\000m\000\040\000A\000m\000p\000l\000i\000t\000u\000d\000e\000n\000g\000a\000n\000g}{section.2}% 4
\BOOKMARK [2][-]{subsection.2.3}{\376\377\000S\000c\000h\000a\000l\000t\000u\000n\000g\000s\000s\000t\000r\000u\000k\000t\000u\000r}{section.2}% 5
\BOOKMARK [1][-]{section.3}{\376\377\000A\000u\000f\000g\000a\000b\000e\000\040\0001\000:\000\040\000H\000e\000r\000l\000e\000i\000t\000u\000n\000g\000\040\000d\000e\000r\000\040\000\334\000b\000e\000r\000t\000r\000a\000g\000u\000n\000g\000s\000f\000u\000n\000k\000t\000i\000o\000n}{}% 6
\BOOKMARK [2][-]{subsection.3.1}{\376\377\000G\000r\000u\000n\000d\000p\000r\000i\000n\000z\000i\000p\000\040\000d\000e\000r\000\040\000i\000n\000v\000e\000r\000t\000i\000e\000r\000e\000n\000d\000e\000n\000\040\000O\000P\000-\000S\000c\000h\000a\000l\000t\000u\000n\000g}{section.3}% 7
\BOOKMARK [2][-]{subsection.3.2}{\376\377\000B\000e\000r\000e\000c\000h\000n\000u\000n\000g\000\040\000d\000e\000r\000\040\000E\000i\000n\000g\000a\000n\000g\000s\000i\000m\000p\000e\000d\000a\000n\000z\000\040\000Z\0001}{section.3}% 8
\BOOKMARK [2][-]{subsection.3.3}{\376\377\000B\000e\000r\000e\000c\000h\000n\000u\000n\000g\000\040\000d\000e\000r\000\040\000R\000\374\000c\000k\000k\000o\000p\000p\000l\000u\000n\000g\000s\000i\000m\000p\000e\000d\000a\000n\000z\000\040\000Z\0002}{section.3}% 9
\BOOKMARK [2][-]{subsection.3.4}{\376\377\000B\000e\000r\000e\000c\000h\000n\000u\000n\000g\000\040\000d\000e\000r\000\040\000\334\000b\000e\000r\000t\000r\000a\000g\000u\000n\000g\000s\000f\000u\000n\000k\000t\000i\000o\000n\000\040\000T\000\050\000s\000\051\000\040\000=\000\040\000Z\0002\000\040\000/\000\040\000Z\0001}{section.3}% 10
\BOOKMARK [2][-]{subsection.3.5}{\376\377\000I\000n\000t\000e\000r\000p\000r\000e\000t\000a\000t\000i\000o\000n\000\040\000d\000e\000r\000\040\000F\000a\000k\000t\000o\000r\000e\000n}{section.3}% 11
\BOOKMARK [1][-]{section.4}{\376\377\000A\000u\000f\000g\000a\000b\000e\000\040\0002\000:\000\040\000B\000e\000s\000t\000i\000m\000m\000u\000n\000g\000\040\000d\000e\000r\000\040\000B\000a\000u\000t\000e\000i\000l\000w\000e\000r\000t\000e}{}% 12
\BOOKMARK [2][-]{subsection.4.1}{\376\377\000Z\000u\000o\000r\000d\000n\000u\000n\000g\000\040\000d\000e\000r\000\040\000E\000c\000k\000f\000r\000e\000q\000u\000e\000n\000z\000e\000n}{section.4}% 13
\BOOKMARK [2][-]{subsection.4.2}{\376\377\000G\000l\000e\000i\000c\000h\000u\000n\000g\000s\000s\000y\000s\000t\000e\000m\000\040\000a\000u\000s\000\040\000d\000e\000n\000\040\000E\000c\000k\000f\000r\000e\000q\000u\000e\000n\000z\000e\000n}{section.4}% 14
\BOOKMARK [1][-]{section.5}{\376\377\000A\000u\000f\000g\000a\000b\000e\000\040\0002\000:\000\040\000B\000e\000s\000t\000i\000m\000m\000u\000n\000g\000\040\000d\000e\000r\000\040\000B\000a\000u\000t\000e\000i\000l\000w\000e\000r\000t\000e}{}% 15
\BOOKMARK [2][-]{subsection.5.1}{\376\377\000Z\000u\000o\000r\000d\000n\000u\000n\000g\000\040\000d\000e\000r\000\040\000E\000c\000k\000f\000r\000e\000q\000u\000e\000n\000z\000e\000n\000\040\000z\000u\000m\000\040\000A\000m\000p\000l\000i\000t\000u\000d\000e\000n\000g\000a\000n\000g}{section.5}% 16
\BOOKMARK [2][-]{subsection.5.2}{\376\377\000G\000l\000e\000i\000c\000h\000u\000n\000g\000s\000s\000y\000s\000t\000e\000m\000\040\000a\000u\000s\000\040\000d\000e\000n\000\040\000E\000c\000k\000f\000r\000e\000q\000u\000e\000n\000z\000e\000n}{section.5}% 17
\BOOKMARK [2][-]{subsection.5.3}{\376\377\000B\000e\000r\000e\000c\000h\000n\000u\000n\000g\000\040\000v\000o\000n\000\040\000C\0001\000,\000\040\000R\0001\000,\000\040\000R\0002}{section.5}% 18
\BOOKMARK [2][-]{subsection.5.4}{\376\377\000B\000e\000r\000e\000c\000h\000n\000u\000n\000g\000\040\000v\000o\000n\000\040\000C\0002\000,\000\040\000R\0003\000,\000\040\000R\0004}{section.5}% 19
\BOOKMARK [2][-]{subsection.5.5}{\376\377\000Z\000u\000s\000a\000m\000m\000e\000n\000f\000a\000s\000s\000u\000n\000g\000\040\000d\000e\000r\000\040\000B\000a\000u\000t\000e\000i\000l\000w\000e\000r\000t\000e}{section.5}% 20
\BOOKMARK [1][-]{section.6}{\376\377\000A\000u\000f\000g\000a\000b\000e\000\040\0003\000:\000\040\000V\000e\000r\000i\000f\000i\000k\000a\000t\000i\000o\000n\000\040\000d\000e\000s\000\040\000F\000r\000e\000q\000u\000e\000n\000z\000g\000a\000n\000g\000s\000\040\000\050\000L\000T\000S\000p\000i\000c\000e\000\051}{}% 21
\BOOKMARK [2][-]{subsection.6.1}{\376\377\000A\000n\000a\000l\000y\000t\000i\000s\000c\000h\000e\000r\000\040\000A\000m\000p\000l\000i\000t\000u\000d\000e\000n\000g\000a\000n\000g}{section.6}% 22
\BOOKMARK [2][-]{subsection.6.2}{\376\377\000E\000r\000w\000a\000r\000t\000e\000t\000e\000s\000\040\000B\000o\000d\000e\000-\000D\000i\000a\000g\000r\000a\000m\000m\000\040\000\050\000B\000o\000d\000e\000-\000A\000s\000y\000m\000p\000t\000o\000t\000e\000n\000\051}{section.6}% 23
\BOOKMARK [2][-]{subsection.6.3}{\376\377\000L\000T\000S\000p\000i\000c\000e\000:\000\040\000A\000C\000-\000A\000n\000a\000l\000y\000s\000e\000\040\000i\000n\000\040\000R\000a\000d\000i\000a\000n\000t}{section.6}% 24
\BOOKMARK [1][-]{section.7}{\376\377\000A\000u\000f\000g\000a\000b\000e\000\040\0004\000:\000\040\000S\000p\000r\000u\000n\000g\000a\000n\000t\000w\000o\000r\000t\000\040\000\050\000L\000T\000S\000p\000i\000c\000e\000\051}{}% 25
\BOOKMARK [2][-]{subsection.7.1}{\376\377\000L\000a\000p\000l\000a\000c\000e\000-\000A\000n\000a\000l\000y\000s\000e\000\040\000d\000e\000r\000\040\000S\000p\000r\000u\000n\000g\000a\000n\000t\000w\000o\000r\000t}{section.7}% 26
\BOOKMARK [2][-]{subsection.7.2}{\376\377\000Z\000e\000i\000t\000k\000o\000n\000s\000t\000a\000n\000t\000e\000n\000\040\000u\000n\000d\000\040\000s\000t\000a\000t\000i\000o\000n\000\344\000r\000e\000r\000\040\000E\000n\000d\000w\000e\000r\000t}{section.7}% 27
\BOOKMARK [2][-]{subsection.7.3}{\376\377\000L\000T\000S\000p\000i\000c\000e\000:\000\040\000T\000r\000a\000n\000s\000i\000e\000n\000t\000e\000n\000a\000n\000a\000l\000y\000s\000e}{section.7}% 28
\BOOKMARK [1][-]{section.8}{\376\377\000Z\000u\000s\000a\000m\000m\000e\000n\000f\000a\000s\000s\000u\000n\000g}{}% 29
\BOOKMARK [1][-]{table.caption.11}{\376\377\000A\000n\000h\000a\000n\000g\000:\000\040\000L\000T\000S\000p\000i\000c\000e\000\040\000N\000e\000t\000z\000l\000i\000s\000t\000e\000n}{}% 30
