LTspice 24.1.9 for Windows
Circuit: D:\Mathias Lampert\Mathias Schule_Studium\FH\ELITE-Semester\EIT_3\Schaltungstechnik\Labor\Labor3\Draft1.net
Start Time: Mon Nov 24 12:28:48 2025
solver = Normal
Maximum thread count: 6
tnom = 27
temp = 27
method = trap
.OP point found by inspection.
.step l=1e-06
.step l=0.001000999
.step l=0.002000998
.step l=0.003000997
.step l=0.004000996
.step l=0.005000995
.step l=0.006000994
.step l=0.007000993
.step l=0.008000992
.step l=0.009000991
.step l=0.01000099
.step l=0.011000989
.step l=0.012000988
.step l=0.013000987
.step l=0.014000986
.step l=0.015000985
.step l=0.016000984
.step l=0.017000983
.step l=0.018000982
.step l=0.019000981
.step l=0.02000098
.step l=0.021000979
.step l=0.022000978
.step l=0.023000977
.step l=0.024000976
.step l=0.025000975
.step l=0.026000974
.step l=0.027000973
.step l=0.028000972
.step l=0.029000971
.step l=0.03000097
.step l=0.031000969
.step l=0.032000968
.step l=0.033000967
.step l=0.034000966
.step l=0.035000965
.step l=0.036000964
.step l=0.037000963
.step l=0.038000962
.step l=0.039000961
.step l=0.04000096
.step l=0.041000959
.step l=0.042000958
.step l=0.043000957
.step l=0.044000956
.step l=0.045000955
.step l=0.046000954
.step l=0.047000953
.step l=0.048000952
.step l=0.049000951
.step l=0.05000095
.step l=0.051000949
.step l=0.052000948
.step l=0.053000947
.step l=0.054000946
.step l=0.055000945
.step l=0.056000944
.step l=0.057000943
.step l=0.058000942
.step l=0.059000941
.step l=0.06000094
.step l=0.061000939
.step l=0.062000938
.step l=0.063000937
.step l=0.064000936
.step l=0.065000935
.step l=0.066000934
.step l=0.067000933
.step l=0.068000932
.step l=0.069000931
.step l=0.07000093
.step l=0.071000929
.step l=0.072000928
.step l=0.073000927
.step l=0.074000926
.step l=0.075000925
.step l=0.076000924
.step l=0.077000923
.step l=0.078000922
.step l=0.079000921
.step l=0.08000092
.step l=0.081000919
.step l=0.082000918
.step l=0.083000917
.step l=0.084000916
.step l=0.085000915
.step l=0.086000914
.step l=0.087000913
.step l=0.088000912
.step l=0.089000911
.step l=0.09000091
.step l=0.091000909
.step l=0.092000908
.step l=0.093000907
.step l=0.094000906
.step l=0.095000905
.step l=0.096000904
.step l=0.097000903
.step l=0.098000902
.step l=0.099000901
.step l=0.1000009
.step l=0.101000899
.step l=0.102000898
.step l=0.103000897
.step l=0.104000896
.step l=0.105000895
.step l=0.106000894
.step l=0.107000893
.step l=0.108000892
.step l=0.109000891
.step l=0.11000089
.step l=0.111000889
.step l=0.112000888
.step l=0.113000887
.step l=0.114000886
.step l=0.115000885
.step l=0.116000884
.step l=0.117000883
.step l=0.118000882
.step l=0.119000881
.step l=0.12000088
.step l=0.121000879
.step l=0.122000878
.step l=0.123000877
.step l=0.124000876
.step l=0.125000875
.step l=0.126000874
.step l=0.127000873
.step l=0.128000872
.step l=0.129000871
.step l=0.13000087
.step l=0.131000869
.step l=0.132000868
.step l=0.133000867
.step l=0.134000866
.step l=0.135000865
.step l=0.136000864
.step l=0.137000863
.step l=0.138000862
.step l=0.139000861
.step l=0.14000086
.step l=0.141000859
.step l=0.142000858
.step l=0.143000857
.step l=0.144000856
.step l=0.145000855

Simulation stopped by user.
Total elapsed time: 6.555 seconds.

Files loaded:
D:\Mathias Lampert\Mathias Schule_Studium\FH\ELITE-Semester\EIT_3\Schaltungstechnik\Labor\Labor3\Draft1.net

