LTspice 26.0.1 for Windows
Circuit: C:\users\mathias\Documents\Mathias Schule_Studium\FH\ELITE-Semester\EIT_4\Sensorik und Messchaltungen\Projekt\LT-Spice\Simulation.net
Start Time: Tue May 26 14:44:52 2026
solver = Normal
Maximum thread count: 32
tnom = 27
temp = 27
method = trap
Direct Newton iteration succeeded in finding operating point.
Direct Newton iteration succeeded in finding operating point.
Direct Newton iteration succeeded in finding operating point.
Direct Newton iteration succeeded in finding operating point.
Direct Newton iteration succeeded in finding operating point.
Direct Newton iteration succeeded in finding operating point.
Direct Newton iteration succeeded in finding operating point.
Direct Newton iteration succeeded in finding operating point.
Direct Newton iteration succeeded in finding operating point.
Direct Newton iteration succeeded in finding operating point.
Direct Newton iteration succeeded in finding operating point.
Direct Newton iteration succeeded in finding operating point.
Direct Newton iteration succeeded in finding operating point.
Direct Newton iteration succeeded in finding operating point.
Direct Newton iteration succeeded in finding operating point.
Direct Newton iteration succeeded in finding operating point.
Direct Newton iteration succeeded in finding operating point.
Direct Newton iteration succeeded in finding operating point.
Direct Newton iteration succeeded in finding operating point.
Direct Newton iteration succeeded in finding operating point.
Direct Newton iteration succeeded in finding operating point.
Direct Newton iteration succeeded in finding operating point.
Direct Newton iteration succeeded in finding operating point.
Direct Newton iteration succeeded in finding operating point.
Direct Newton iteration succeeded in finding operating point.
Direct Newton iteration succeeded in finding operating point.
Direct Newton iteration succeeded in finding operating point.
Direct Newton iteration succeeded in finding operating point.
Direct Newton iteration succeeded in finding operating point.
Direct Newton iteration succeeded in finding operating point.
Direct Newton iteration succeeded in finding operating point.
Direct Newton iteration succeeded in finding operating point.
Direct Newton iteration succeeded in finding operating point.
Direct Newton iteration succeeded in finding operating point.
Direct Newton iteration succeeded in finding operating point.
Direct Newton iteration succeeded in finding operating point.
Direct Newton iteration succeeded in finding operating point.
Direct Newton iteration succeeded in finding operating point.
Direct Newton iteration succeeded in finding operating point.
Direct Newton iteration succeeded in finding operating point.
Direct Newton iteration succeeded in finding operating point.
Direct Newton iteration succeeded in finding operating point.
Direct Newton iteration succeeded in finding operating point.
Direct Newton iteration succeeded in finding operating point.
Direct Newton iteration succeeded in finding operating point.
Direct Newton iteration succeeded in finding operating point.
Direct Newton iteration succeeded in finding operating point.
Direct Newton iteration succeeded in finding operating point.
Direct Newton iteration succeeded in finding operating point.
Direct Newton iteration succeeded in finding operating point.
Direct Newton iteration succeeded in finding operating point.
Direct Newton iteration succeeded in finding operating point.
Direct Newton iteration succeeded in finding operating point.
Direct Newton iteration succeeded in finding operating point.
Direct Newton iteration succeeded in finding operating point.
Direct Newton iteration succeeded in finding operating point.
Direct Newton iteration succeeded in finding operating point.
Direct Newton iteration succeeded in finding operating point.
Direct Newton iteration succeeded in finding operating point.
Direct Newton iteration succeeded in finding operating point.
Direct Newton iteration succeeded in finding operating point.
Direct Newton iteration succeeded in finding operating point.
Direct Newton iteration succeeded in finding operating point.
Direct Newton iteration succeeded in finding operating point.
Direct Newton iteration succeeded in finding operating point.
Direct Newton iteration succeeded in finding operating point.
Direct Newton iteration succeeded in finding operating point.
Direct Newton iteration succeeded in finding operating point.
Direct Newton iteration succeeded in finding operating point.
Direct Newton iteration succeeded in finding operating point.
Direct Newton iteration succeeded in finding operating point.
Direct Newton iteration succeeded in finding operating point.
Direct Newton iteration succeeded in finding operating point.
Direct Newton iteration succeeded in finding operating point.
Direct Newton iteration succeeded in finding operating point.
Direct Newton iteration succeeded in finding operating point.
Direct Newton iteration succeeded in finding operating point.
Direct Newton iteration succeeded in finding operating point.
Direct Newton iteration succeeded in finding operating point.
Direct Newton iteration succeeded in finding operating point.
Direct Newton iteration succeeded in finding operating point.
Direct Newton iteration succeeded in finding operating point.
Direct Newton iteration succeeded in finding operating point.
Direct Newton iteration succeeded in finding operating point.
Direct Newton iteration succeeded in finding operating point.
Direct Newton iteration succeeded in finding operating point.
Direct Newton iteration succeeded in finding operating point.
Direct Newton iteration succeeded in finding operating point.
Direct Newton iteration succeeded in finding operating point.
Direct Newton iteration succeeded in finding operating point.
Direct Newton iteration succeeded in finding operating point.
Direct Newton iteration succeeded in finding operating point.
Direct Newton iteration succeeded in finding operating point.
Direct Newton iteration succeeded in finding operating point.
Direct Newton iteration succeeded in finding operating point.
Direct Newton iteration succeeded in finding operating point.
Direct Newton iteration succeeded in finding operating point.
Direct Newton iteration succeeded in finding operating point.
Direct Newton iteration succeeded in finding operating point.
Direct Newton iteration succeeded in finding operating point.
Direct Newton iteration succeeded in finding operating point.
Direct Newton iteration succeeded in finding operating point.
Direct Newton iteration succeeded in finding operating point.
Direct Newton iteration succeeded in finding operating point.
Direct Newton iteration succeeded in finding operating point.
Direct Newton iteration succeeded in finding operating point.
Direct Newton iteration succeeded in finding operating point.
Direct Newton iteration succeeded in finding operating point.
Direct Newton iteration succeeded in finding operating point.
Direct Newton iteration succeeded in finding operating point.
Direct Newton iteration succeeded in finding operating point.
Direct Newton iteration succeeded in finding operating point.
Direct Newton iteration succeeded in finding operating point.
Direct Newton iteration succeeded in finding operating point.
Direct Newton iteration succeeded in finding operating point.
Direct Newton iteration succeeded in finding operating point.
Direct Newton iteration succeeded in finding operating point.
Direct Newton iteration succeeded in finding operating point.
Direct Newton iteration succeeded in finding operating point.
Direct Newton iteration succeeded in finding operating point.
Direct Newton iteration succeeded in finding operating point.
Direct Newton iteration succeeded in finding operating point.
Direct Newton iteration succeeded in finding operating point.
Direct Newton iteration succeeded in finding operating point.
Direct Newton iteration succeeded in finding operating point.
Direct Newton iteration succeeded in finding operating point.
Direct Newton iteration succeeded in finding operating point.
Direct Newton iteration succeeded in finding operating point.
Direct Newton iteration succeeded in finding operating point.
Direct Newton iteration succeeded in finding operating point.
Direct Newton iteration succeeded in finding operating point.
Direct Newton iteration succeeded in finding operating point.
Direct Newton iteration succeeded in finding operating point.
Direct Newton iteration succeeded in finding operating point.
Direct Newton iteration succeeded in finding operating point.
Direct Newton iteration succeeded in finding operating point.
Direct Newton iteration succeeded in finding operating point.
Direct Newton iteration succeeded in finding operating point.
Direct Newton iteration succeeded in finding operating point.
Direct Newton iteration succeeded in finding operating point.
Direct Newton iteration succeeded in finding operating point.
Direct Newton iteration succeeded in finding operating point.
Direct Newton iteration succeeded in finding operating point.
Direct Newton iteration succeeded in finding operating point.
Direct Newton iteration succeeded in finding operating point.
Direct Newton iteration succeeded in finding operating point.
Direct Newton iteration succeeded in finding operating point.
Direct Newton iteration succeeded in finding operating point.
Direct Newton iteration succeeded in finding operating point.
Direct Newton iteration succeeded in finding operating point.
Direct Newton iteration succeeded in finding operating point.
Direct Newton iteration succeeded in finding operating point.
Direct Newton iteration succeeded in finding operating point.
Direct Newton iteration succeeded in finding operating point.
Direct Newton iteration succeeded in finding operating point.
Direct Newton iteration succeeded in finding operating point.
Direct Newton iteration succeeded in finding operating point.
Direct Newton iteration succeeded in finding operating point.
Direct Newton iteration succeeded in finding operating point.
Direct Newton iteration succeeded in finding operating point.
Direct Newton iteration succeeded in finding operating point.
Direct Newton iteration succeeded in finding operating point.
Direct Newton iteration succeeded in finding operating point.
Direct Newton iteration succeeded in finding operating point.
Direct Newton iteration succeeded in finding operating point.
Direct Newton iteration succeeded in finding operating point.
Direct Newton iteration succeeded in finding operating point.
Direct Newton iteration succeeded in finding operating point.
Direct Newton iteration succeeded in finding operating point.
Direct Newton iteration succeeded in finding operating point.
Direct Newton iteration succeeded in finding operating point.
Direct Newton iteration succeeded in finding operating point.
Direct Newton iteration succeeded in finding operating point.
Direct Newton iteration succeeded in finding operating point.
Direct Newton iteration succeeded in finding operating point.
Direct Newton iteration succeeded in finding operating point.
Direct Newton iteration succeeded in finding operating point.
Direct Newton iteration succeeded in finding operating point.
Direct Newton iteration succeeded in finding operating point.
Direct Newton iteration succeeded in finding operating point.
Direct Newton iteration succeeded in finding operating point.
Direct Newton iteration succeeded in finding operating point.
Direct Newton iteration succeeded in finding operating point.
Direct Newton iteration succeeded in finding operating point.
Direct Newton iteration succeeded in finding operating point.
Direct Newton iteration succeeded in finding operating point.
Direct Newton iteration succeeded in finding operating point.
Direct Newton iteration succeeded in finding operating point.
Direct Newton iteration succeeded in finding operating point.
Direct Newton iteration succeeded in finding operating point.
Direct Newton iteration succeeded in finding operating point.
Direct Newton iteration succeeded in finding operating point.
Direct Newton iteration succeeded in finding operating point.
Direct Newton iteration succeeded in finding operating point.
Direct Newton iteration succeeded in finding operating point.
Direct Newton iteration succeeded in finding operating point.
Direct Newton iteration succeeded in finding operating point.
Direct Newton iteration succeeded in finding operating point.
Direct Newton iteration succeeded in finding operating point.
Direct Newton iteration succeeded in finding operating point.
Direct Newton iteration succeeded in finding operating point.
Direct Newton iteration succeeded in finding operating point.
Direct Newton iteration succeeded in finding operating point.
Direct Newton iteration succeeded in finding operating point.
Direct Newton iteration succeeded in finding operating point.
Direct Newton iteration succeeded in finding operating point.
Direct Newton iteration succeeded in finding operating point.
Direct Newton iteration succeeded in finding operating point.
Direct Newton iteration succeeded in finding operating point.
Direct Newton iteration succeeded in finding operating point.
Direct Newton iteration succeeded in finding operating point.
Direct Newton iteration succeeded in finding operating point.
Direct Newton iteration succeeded in finding operating point.
Direct Newton iteration succeeded in finding operating point.
Direct Newton iteration succeeded in finding operating point.
Direct Newton iteration succeeded in finding operating point.
Direct Newton iteration succeeded in finding operating point.
Direct Newton iteration succeeded in finding operating point.
Direct Newton iteration succeeded in finding operating point.
Direct Newton iteration succeeded in finding operating point.
Direct Newton iteration succeeded in finding operating point.
Direct Newton iteration succeeded in finding operating point.
Direct Newton iteration succeeded in finding operating point.
Direct Newton iteration succeeded in finding operating point.
Direct Newton iteration succeeded in finding operating point.
Direct Newton iteration succeeded in finding operating point.
Direct Newton iteration succeeded in finding operating point.
Direct Newton iteration succeeded in finding operating point.
Direct Newton iteration succeeded in finding operating point.
Direct Newton iteration succeeded in finding operating point.
Direct Newton iteration succeeded in finding operating point.
Direct Newton iteration succeeded in finding operating point.
Direct Newton iteration succeeded in finding operating point.
Direct Newton iteration succeeded in finding operating point.
Direct Newton iteration succeeded in finding operating point.
Direct Newton iteration succeeded in finding operating point.
Direct Newton iteration succeeded in finding operating point.
Direct Newton iteration succeeded in finding operating point.
Direct Newton iteration succeeded in finding operating point.
Direct Newton iteration succeeded in finding operating point.
Direct Newton iteration succeeded in finding operating point.
Direct Newton iteration succeeded in finding operating point.
Direct Newton iteration succeeded in finding operating point.
Direct Newton iteration succeeded in finding operating point.
Direct Newton iteration succeeded in finding operating point.
Direct Newton iteration succeeded in finding operating point.
Direct Newton iteration succeeded in finding operating point.
Direct Newton iteration succeeded in finding operating point.
Direct Newton iteration succeeded in finding operating point.
Direct Newton iteration succeeded in finding operating point.
Direct Newton iteration succeeded in finding operating point.
Direct Newton iteration succeeded in finding operating point.
Direct Newton iteration succeeded in finding operating point.
Direct Newton iteration succeeded in finding operating point.
Direct Newton iteration succeeded in finding operating point.
Direct Newton iteration succeeded in finding operating point.
Direct Newton iteration succeeded in finding operating point.
Direct Newton iteration succeeded in finding operating point.
Direct Newton iteration succeeded in finding operating point.
Direct Newton iteration succeeded in finding operating point.
Direct Newton iteration succeeded in finding operating point.
Direct Newton iteration succeeded in finding operating point.
Direct Newton iteration succeeded in finding operating point.
Direct Newton iteration succeeded in finding operating point.
Direct Newton iteration succeeded in finding operating point.
Direct Newton iteration succeeded in finding operating point.
Direct Newton iteration succeeded in finding operating point.
Direct Newton iteration succeeded in finding operating point.
Direct Newton iteration succeeded in finding operating point.
Direct Newton iteration succeeded in finding operating point.
Direct Newton iteration succeeded in finding operating point.
Direct Newton iteration succeeded in finding operating point.
Direct Newton iteration succeeded in finding operating point.
Direct Newton iteration succeeded in finding operating point.
Direct Newton iteration succeeded in finding operating point.
Direct Newton iteration succeeded in finding operating point.
Direct Newton iteration succeeded in finding operating point.
Direct Newton iteration succeeded in finding operating point.
Direct Newton iteration succeeded in finding operating point.
Direct Newton iteration succeeded in finding operating point.
Direct Newton iteration succeeded in finding operating point.
Direct Newton iteration succeeded in finding operating point.
Direct Newton iteration succeeded in finding operating point.
Direct Newton iteration succeeded in finding operating point.
Direct Newton iteration succeeded in finding operating point.
Direct Newton iteration succeeded in finding operating point.
Direct Newton iteration succeeded in finding operating point.
Direct Newton iteration succeeded in finding operating point.
Direct Newton iteration succeeded in finding operating point.
Direct Newton iteration succeeded in finding operating point.
Direct Newton iteration succeeded in finding operating point.
Direct Newton iteration succeeded in finding operating point.
Direct Newton iteration succeeded in finding operating point.
Direct Newton iteration succeeded in finding operating point.
Direct Newton iteration succeeded in finding operating point.
Direct Newton iteration succeeded in finding operating point.
Direct Newton iteration succeeded in finding operating point.
Direct Newton iteration succeeded in finding operating point.
Direct Newton iteration succeeded in finding operating point.
Direct Newton iteration succeeded in finding operating point.
Direct Newton iteration succeeded in finding operating point.
Direct Newton iteration succeeded in finding operating point.
Direct Newton iteration succeeded in finding operating point.
Direct Newton iteration succeeded in finding operating point.
Direct Newton iteration succeeded in finding operating point.
Direct Newton iteration succeeded in finding operating point.
Direct Newton iteration succeeded in finding operating point.
Direct Newton iteration succeeded in finding operating point.
Direct Newton iteration succeeded in finding operating point.
Direct Newton iteration succeeded in finding operating point.
Direct Newton iteration succeeded in finding operating point.
Direct Newton iteration succeeded in finding operating point.
Direct Newton iteration succeeded in finding operating point.
Direct Newton iteration succeeded in finding operating point.
Direct Newton iteration succeeded in finding operating point.
Direct Newton iteration succeeded in finding operating point.
Direct Newton iteration succeeded in finding operating point.
Direct Newton iteration succeeded in finding operating point.
Direct Newton iteration succeeded in finding operating point.
Direct Newton iteration succeeded in finding operating point.
Direct Newton iteration succeeded in finding operating point.
Direct Newton iteration succeeded in finding operating point.
Direct Newton iteration succeeded in finding operating point.
Direct Newton iteration succeeded in finding operating point.
Direct Newton iteration succeeded in finding operating point.
Direct Newton iteration succeeded in finding operating point.
Direct Newton iteration succeeded in finding operating point.
Direct Newton iteration succeeded in finding operating point.
Direct Newton iteration succeeded in finding operating point.
Direct Newton iteration succeeded in finding operating point.
Direct Newton iteration succeeded in finding operating point.
Direct Newton iteration succeeded in finding operating point.
Direct Newton iteration succeeded in finding operating point.
Direct Newton iteration succeeded in finding operating point.
Direct Newton iteration succeeded in finding operating point.
Direct Newton iteration succeeded in finding operating point.
Direct Newton iteration succeeded in finding operating point.
Direct Newton iteration succeeded in finding operating point.
Direct Newton iteration succeeded in finding operating point.
Direct Newton iteration succeeded in finding operating point.
Direct Newton iteration succeeded in finding operating point.
Direct Newton iteration succeeded in finding operating point.
Direct Newton iteration succeeded in finding operating point.
Direct Newton iteration succeeded in finding operating point.
Direct Newton iteration succeeded in finding operating point.
Direct Newton iteration succeeded in finding operating point.
Direct Newton iteration succeeded in finding operating point.
Direct Newton iteration succeeded in finding operating point.
Direct Newton iteration succeeded in finding operating point.
Direct Newton iteration succeeded in finding operating point.
Direct Newton iteration succeeded in finding operating point.
Direct Newton iteration succeeded in finding operating point.
Direct Newton iteration succeeded in finding operating point.
Direct Newton iteration succeeded in finding operating point.
Direct Newton iteration succeeded in finding operating point.
Direct Newton iteration succeeded in finding operating point.
Direct Newton iteration succeeded in finding operating point.
Direct Newton iteration succeeded in finding operating point.
Direct Newton iteration succeeded in finding operating point.
Direct Newton iteration succeeded in finding operating point.
Direct Newton iteration succeeded in finding operating point.
Direct Newton iteration succeeded in finding operating point.
Direct Newton iteration succeeded in finding operating point.
Direct Newton iteration succeeded in finding operating point.
Direct Newton iteration succeeded in finding operating point.
Direct Newton iteration succeeded in finding operating point.
Direct Newton iteration succeeded in finding operating point.
Direct Newton iteration succeeded in finding operating point.
Direct Newton iteration succeeded in finding operating point.
Direct Newton iteration succeeded in finding operating point.
Direct Newton iteration succeeded in finding operating point.
Direct Newton iteration succeeded in finding operating point.
Direct Newton iteration succeeded in finding operating point.
Direct Newton iteration succeeded in finding operating point.
Direct Newton iteration succeeded in finding operating point.
Direct Newton iteration succeeded in finding operating point.
Direct Newton iteration succeeded in finding operating point.
Direct Newton iteration succeeded in finding operating point.
Direct Newton iteration succeeded in finding operating point.
Direct Newton iteration succeeded in finding operating point.
Direct Newton iteration succeeded in finding operating point.
Direct Newton iteration succeeded in finding operating point.
Direct Newton iteration succeeded in finding operating point.
Direct Newton iteration succeeded in finding operating point.
Direct Newton iteration succeeded in finding operating point.
Direct Newton iteration succeeded in finding operating point.
Direct Newton iteration succeeded in finding operating point.
Direct Newton iteration succeeded in finding operating point.
Direct Newton iteration succeeded in finding operating point.
Direct Newton iteration succeeded in finding operating point.
Direct Newton iteration succeeded in finding operating point.
Direct Newton iteration succeeded in finding operating point.
Direct Newton iteration succeeded in finding operating point.
Direct Newton iteration succeeded in finding operating point.
Direct Newton iteration succeeded in finding operating point.
Direct Newton iteration succeeded in finding operating point.
Direct Newton iteration succeeded in finding operating point.
Direct Newton iteration succeeded in finding operating point.
Direct Newton iteration succeeded in finding operating point.
Direct Newton iteration succeeded in finding operating point.
Direct Newton iteration succeeded in finding operating point.
Direct Newton iteration succeeded in finding operating point.
Direct Newton iteration succeeded in finding operating point.
Direct Newton iteration succeeded in finding operating point.
Direct Newton iteration succeeded in finding operating point.
Direct Newton iteration succeeded in finding operating point.
Direct Newton iteration succeeded in finding operating point.
Direct Newton iteration succeeded in finding operating point.
Direct Newton iteration succeeded in finding operating point.
Direct Newton iteration succeeded in finding operating point.
Direct Newton iteration succeeded in finding operating point.
Direct Newton iteration succeeded in finding operating point.
Direct Newton iteration succeeded in finding operating point.
Direct Newton iteration succeeded in finding operating point.
Direct Newton iteration succeeded in finding operating point.
Direct Newton iteration succeeded in finding operating point.
Direct Newton iteration succeeded in finding operating point.
Direct Newton iteration succeeded in finding operating point.
Direct Newton iteration succeeded in finding operating point.
Direct Newton iteration succeeded in finding operating point.
Direct Newton iteration succeeded in finding operating point.
Direct Newton iteration succeeded in finding operating point.
Direct Newton iteration succeeded in finding operating point.
Direct Newton iteration succeeded in finding operating point.
Direct Newton iteration succeeded in finding operating point.
Direct Newton iteration succeeded in finding operating point.
Direct Newton iteration succeeded in finding operating point.
Direct Newton iteration succeeded in finding operating point.
Direct Newton iteration succeeded in finding operating point.
Direct Newton iteration succeeded in finding operating point.
Direct Newton iteration succeeded in finding operating point.
Direct Newton iteration succeeded in finding operating point.
Direct Newton iteration succeeded in finding operating point.
Direct Newton iteration succeeded in finding operating point.
Direct Newton iteration succeeded in finding operating point.
Direct Newton iteration succeeded in finding operating point.
Direct Newton iteration succeeded in finding operating point.
Direct Newton iteration succeeded in finding operating point.
Direct Newton iteration succeeded in finding operating point.
Direct Newton iteration succeeded in finding operating point.
Direct Newton iteration succeeded in finding operating point.
Direct Newton iteration succeeded in finding operating point.
Direct Newton iteration succeeded in finding operating point.
Direct Newton iteration succeeded in finding operating point.
Direct Newton iteration succeeded in finding operating point.
Direct Newton iteration succeeded in finding operating point.
Direct Newton iteration succeeded in finding operating point.
Direct Newton iteration succeeded in finding operating point.
Direct Newton iteration succeeded in finding operating point.
Direct Newton iteration succeeded in finding operating point.
Direct Newton iteration succeeded in finding operating point.
Direct Newton iteration succeeded in finding operating point.
Direct Newton iteration succeeded in finding operating point.
Direct Newton iteration succeeded in finding operating point.
Direct Newton iteration succeeded in finding operating point.
Direct Newton iteration succeeded in finding operating point.
Direct Newton iteration succeeded in finding operating point.
Direct Newton iteration succeeded in finding operating point.
Direct Newton iteration succeeded in finding operating point.
Direct Newton iteration succeeded in finding operating point.
Direct Newton iteration succeeded in finding operating point.
Direct Newton iteration succeeded in finding operating point.
Direct Newton iteration succeeded in finding operating point.
Direct Newton iteration succeeded in finding operating point.
Direct Newton iteration succeeded in finding operating point.
Direct Newton iteration succeeded in finding operating point.
Direct Newton iteration succeeded in finding operating point.
Direct Newton iteration succeeded in finding operating point.
Direct Newton iteration succeeded in finding operating point.
Direct Newton iteration succeeded in finding operating point.
Direct Newton iteration succeeded in finding operating point.
Direct Newton iteration succeeded in finding operating point.
Direct Newton iteration succeeded in finding operating point.
Direct Newton iteration succeeded in finding operating point.
Direct Newton iteration succeeded in finding operating point.
Direct Newton iteration succeeded in finding operating point.
Direct Newton iteration succeeded in finding operating point.
Direct Newton iteration succeeded in finding operating point.
Direct Newton iteration succeeded in finding operating point.
Direct Newton iteration succeeded in finding operating point.
Direct Newton iteration succeeded in finding operating point.
Direct Newton iteration succeeded in finding operating point.
Direct Newton iteration succeeded in finding operating point.
Direct Newton iteration succeeded in finding operating point.
Direct Newton iteration succeeded in finding operating point.
Direct Newton iteration succeeded in finding operating point.
Direct Newton iteration succeeded in finding operating point.
Direct Newton iteration succeeded in finding operating point.
Direct Newton iteration succeeded in finding operating point.
Direct Newton iteration succeeded in finding operating point.
Direct Newton iteration succeeded in finding operating point.
Direct Newton iteration succeeded in finding operating point.
Direct Newton iteration succeeded in finding operating point.
Direct Newton iteration succeeded in finding operating point.
Direct Newton iteration succeeded in finding operating point.
Direct Newton iteration succeeded in finding operating point.
Direct Newton iteration succeeded in finding operating point.
Direct Newton iteration succeeded in finding operating point.
Direct Newton iteration succeeded in finding operating point.
Direct Newton iteration succeeded in finding operating point.
Direct Newton iteration succeeded in finding operating point.
Direct Newton iteration succeeded in finding operating point.
Direct Newton iteration succeeded in finding operating point.
Direct Newton iteration succeeded in finding operating point.
Direct Newton iteration succeeded in finding operating point.
Direct Newton iteration succeeded in finding operating point.
Direct Newton iteration succeeded in finding operating point.
Direct Newton iteration succeeded in finding operating point.
Direct Newton iteration succeeded in finding operating point.
Direct Newton iteration succeeded in finding operating point.
Direct Newton iteration succeeded in finding operating point.
Direct Newton iteration succeeded in finding operating point.
Direct Newton iteration succeeded in finding operating point.
Direct Newton iteration succeeded in finding operating point.
Direct Newton iteration succeeded in finding operating point.
Direct Newton iteration succeeded in finding operating point.
Direct Newton iteration succeeded in finding operating point.
Direct Newton iteration succeeded in finding operating point.
Direct Newton iteration succeeded in finding operating point.
Direct Newton iteration succeeded in finding operating point.
Direct Newton iteration succeeded in finding operating point.
Direct Newton iteration succeeded in finding operating point.
Direct Newton iteration succeeded in finding operating point.
Direct Newton iteration succeeded in finding operating point.
Direct Newton iteration succeeded in finding operating point.
Direct Newton iteration succeeded in finding operating point.
Direct Newton iteration succeeded in finding operating point.
Direct Newton iteration succeeded in finding operating point.
Direct Newton iteration succeeded in finding operating point.
Direct Newton iteration succeeded in finding operating point.
Direct Newton iteration succeeded in finding operating point.
Direct Newton iteration succeeded in finding operating point.
Direct Newton iteration succeeded in finding operating point.
Direct Newton iteration succeeded in finding operating point.
Direct Newton iteration succeeded in finding operating point.
Direct Newton iteration succeeded in finding operating point.
Direct Newton iteration succeeded in finding operating point.
Direct Newton iteration succeeded in finding operating point.
Direct Newton iteration succeeded in finding operating point.
Direct Newton iteration succeeded in finding operating point.
Direct Newton iteration succeeded in finding operating point.
Direct Newton iteration succeeded in finding operating point.
Direct Newton iteration succeeded in finding operating point.
Direct Newton iteration succeeded in finding operating point.
Direct Newton iteration succeeded in finding operating point.
Direct Newton iteration succeeded in finding operating point.
Direct Newton iteration succeeded in finding operating point.
Direct Newton iteration succeeded in finding operating point.
Direct Newton iteration succeeded in finding operating point.
Direct Newton iteration succeeded in finding operating point.
Direct Newton iteration succeeded in finding operating point.
Direct Newton iteration succeeded in finding operating point.
Direct Newton iteration succeeded in finding operating point.
Direct Newton iteration succeeded in finding operating point.
Direct Newton iteration succeeded in finding operating point.
Direct Newton iteration succeeded in finding operating point.
Direct Newton iteration succeeded in finding operating point.
Direct Newton iteration succeeded in finding operating point.
Direct Newton iteration succeeded in finding operating point.
Direct Newton iteration succeeded in finding operating point.
Direct Newton iteration succeeded in finding operating point.
Direct Newton iteration succeeded in finding operating point.
Direct Newton iteration succeeded in finding operating point.
Direct Newton iteration succeeded in finding operating point.
Direct Newton iteration succeeded in finding operating point.
Direct Newton iteration succeeded in finding operating point.
Direct Newton iteration succeeded in finding operating point.
Direct Newton iteration succeeded in finding operating point.
Direct Newton iteration succeeded in finding operating point.
Direct Newton iteration succeeded in finding operating point.
Direct Newton iteration succeeded in finding operating point.
Direct Newton iteration succeeded in finding operating point.
Direct Newton iteration succeeded in finding operating point.
Direct Newton iteration succeeded in finding operating point.
Direct Newton iteration succeeded in finding operating point.
Direct Newton iteration succeeded in finding operating point.
Direct Newton iteration succeeded in finding operating point.
Direct Newton iteration succeeded in finding operating point.
Direct Newton iteration succeeded in finding operating point.
Direct Newton iteration succeeded in finding operating point.
Direct Newton iteration succeeded in finding operating point.
Direct Newton iteration succeeded in finding operating point.
Direct Newton iteration succeeded in finding operating point.
Direct Newton iteration succeeded in finding operating point.
Direct Newton iteration succeeded in finding operating point.
Direct Newton iteration succeeded in finding operating point.
Direct Newton iteration succeeded in finding operating point.
Direct Newton iteration succeeded in finding operating point.
Direct Newton iteration succeeded in finding operating point.
Direct Newton iteration succeeded in finding operating point.
Direct Newton iteration succeeded in finding operating point.
Direct Newton iteration succeeded in finding operating point.
Direct Newton iteration succeeded in finding operating point.
Direct Newton iteration succeeded in finding operating point.
Direct Newton iteration succeeded in finding operating point.
Direct Newton iteration succeeded in finding operating point.
Direct Newton iteration succeeded in finding operating point.
Direct Newton iteration succeeded in finding operating point.
Direct Newton iteration succeeded in finding operating point.
Direct Newton iteration succeeded in finding operating point.
Direct Newton iteration succeeded in finding operating point.
Total elapsed time: 5.944 seconds.

Files loaded:
C:\users\mathias\Documents\Mathias Schule_Studium\FH\ELITE-Semester\EIT_4\Sensorik und Messchaltungen\Projekt\LT-Spice\Simulation.net
C:\users\mathias\AppData\Local\LTspice\lib\sub\UniversalOpAmp1.lib

