This is pdfTeX, Version 3.141592653-2.6-1.40.29 (TeX Live 2026/Arch Linux) (preloaded format=pdflatex 2026.6.2)  3 JUN 2026 17:09
entering extended mode
 restricted \write18 enabled.
 file:line:error style messages enabled.
 %&-line parsing enabled.
**"/home/mathias/Dokumente/Mathias Schule_Studium/FH/ELITE-Semester/EIT_4/Sensorik und Messchaltungen/Labor/Labor2/LatexDoku/DokumentationLabor2.tex"
(/home/mathias/Dokumente/Mathias Schule_Studium/FH/ELITE-Semester/EIT_4/Sensorik und Messchaltungen/Labor/Labor2/LatexDoku/DokumentationLabor2.tex
LaTeX2e <2025-11-01>
L3 programming layer <2026-01-19>
(/usr/share/texmf-dist/tex/latex/koma-script/scrreprt.cls
Document Class: scrreprt 2026/02/02 v3.49.2 KOMA-Script document class (report)
(/usr/share/texmf-dist/tex/latex/koma-script/scrkbase.sty
Package: scrkbase 2026/02/02 v3.49.2 KOMA-Script package (KOMA-Script-dependent basics and keyval usage)
 (/usr/share/texmf-dist/tex/latex/koma-script/scrbase.sty
Package: scrbase 2026/02/02 v3.49.2 KOMA-Script package (KOMA-Script-independent basics and keyval usage)
 (/usr/share/texmf-dist/tex/latex/koma-script/scrlfile.sty
Package: scrlfile 2026/02/02 v3.49.2 KOMA-Script package (file load hooks)
 (/usr/share/texmf-dist/tex/latex/koma-script/scrlfile-hook.sty
Package: scrlfile-hook 2026/02/02 v3.49.2 KOMA-Script package (using LaTeX hooks)
 (/usr/share/texmf-dist/tex/latex/koma-script/scrlogo.sty
Package: scrlogo 2026/02/02 v3.49.2 KOMA-Script package (logo)
))) (/usr/share/texmf-dist/tex/latex/graphics/keyval.sty
Package: keyval 2022/05/29 v1.15 key=value parser (DPC)
\KV@toks@=\toks17
)
Applying: [2021/05/01] Usage of raw or classic option list on input line 254.
Already applied: [0000/00/00] Usage of raw or classic option list on input line 370.
)) (/usr/share/texmf-dist/tex/latex/koma-script/tocbasic.sty
Package: tocbasic 2026/02/02 v3.49.2 KOMA-Script package (handling toc-files)
\scr@dte@tocline@numberwidth=\skip49
\scr@dte@tocline@numbox=\box53
)
Package tocbasic Info: omitting babel extension for `toc'
(tocbasic)             because of feature `nobabel' available
(tocbasic)             for `toc' on input line 143.
Package scrreprt Info: You've used standard option `12pt'.
(scrreprt)             This is correct!
(scrreprt)             Internally I'm using `fontsize=12pt'.
(scrreprt)             If you'd like to set the option with \KOMAoptions,
(scrreprt)             you'd have to use `fontsize=12pt' there
(scrreprt)             instead of `12pt', too.
Class scrreprt Info: File `scrsize12pt.clo' used to setup font sizes on input line 2710.
 (/usr/share/texmf-dist/tex/latex/koma-script/scrsize12pt.clo
File: scrsize12pt.clo 2026/02/02 v3.49.2 KOMA-Script font size class option (12pt)
) (/usr/share/texmf-dist/tex/latex/koma-script/typearea.sty
Package: typearea 2026/02/02 v3.49.2 KOMA-Script package (type area)
\ta@bcor=\skip50
\ta@div=\count275
Package typearea Info: You've used standard option `a4paper'.
(typearea)             This is correct!
(typearea)             Internally I'm using `paper=a4'.
(typearea)             If you'd like to set the option with \KOMAoptions,
(typearea)             you'd have to use `paper=a4' there
(typearea)             instead of `a4paper', too.
\ta@hblk=\skip51
\ta@vblk=\skip52
\ta@temp=\skip53
\footheight=\skip54
Package typearea Info: These are the values describing the layout:
(typearea)             DIV  = 12
(typearea)             BCOR = 0.0pt
(typearea)             \paperwidth      = 597.50793pt
(typearea)              \textwidth      = 448.13095pt
(typearea)              DIV departure   = -6%
(typearea)              \evensidemargin = 27.31467pt
(typearea)              \oddsidemargin  = -22.47766pt
(typearea)             \paperheight     = 845.04694pt
(typearea)              \textheight     = 635.5pt
(typearea)              \topmargin      = -41.72441pt
(typearea)              \headheight     = 18.125pt
(typearea)              \headsep        = 21.75pt
(typearea)              \topskip        = 12.0pt
(typearea)              \footskip       = 50.75pt
(typearea)              \baselineskip   = 14.5pt
(typearea)              on input line 1810.
)
\c@part=\count276
\c@chapter=\count277
\c@section=\count278
\c@subsection=\count279
\c@subsubsection=\count280
\c@paragraph=\count281
\c@subparagraph=\count282
\scr@dte@chapter@maxnumwidth=\skip55
Class scrreprt Info: using compatibility default `afterindent=bysign'
(scrreprt)           for `\chapter on input line 5934.
\scr@dte@section@maxnumwidth=\skip56
Class scrreprt Info: using compatibility default `runin=bysign'
(scrreprt)           for `\section on input line 5945.
Class scrreprt Info: using compatibility default `afterindent=bysign'
(scrreprt)           for `\section on input line 5945.
\scr@dte@part@maxnumwidth=\skip57
Class scrreprt Info: using compatibility default `afterindent=true'
(scrreprt)           for `\part on input line 5954.
\scr@dte@subsection@maxnumwidth=\skip58
Class scrreprt Info: using compatibility default `runin=bysign'
(scrreprt)           for `\subsection on input line 5964.
Class scrreprt Info: using compatibility default `afterindent=bysign'
(scrreprt)           for `\subsection on input line 5964.
\scr@dte@subsubsection@maxnumwidth=\skip59
Class scrreprt Info: using compatibility default `runin=bysign'
(scrreprt)           for `\subsubsection on input line 5974.
Class scrreprt Info: using compatibility default `afterindent=bysign'
(scrreprt)           for `\subsubsection on input line 5974.
\scr@dte@paragraph@maxnumwidth=\skip60
Class scrreprt Info: using compatibility default `runin=bysign'
(scrreprt)           for `\paragraph on input line 5985.
Class scrreprt Info: using compatibility default `afterindent=bysign'
(scrreprt)           for `\paragraph on input line 5985.
\scr@dte@subparagraph@maxnumwidth=\skip61
Class scrreprt Info: using compatibility default `runin=bysign'
(scrreprt)           for `\subparagraph on input line 5995.
Class scrreprt Info: using compatibility default `afterindent=bysign'
(scrreprt)           for `\subparagraph on input line 5995.
\abovecaptionskip=\skip62
\belowcaptionskip=\skip63
\c@pti@nb@sid@b@x=\box54
Package tocbasic Info: omitting babel extension for `lof'
(tocbasic)             because of feature `nobabel' available
(tocbasic)             for `lof' on input line 7225.
\scr@dte@figure@maxnumwidth=\skip64
\c@figure=\count283
Package tocbasic Info: omitting babel extension for `lot'
(tocbasic)             because of feature `nobabel' available
(tocbasic)             for `lot' on input line 7238.
\scr@dte@table@maxnumwidth=\skip65
\c@table=\count284
Class scrreprt Info: Redefining `\numberline' on input line 7409.
\bibindent=\dimen148
) (/usr/share/texmf-dist/tex/latex/base/inputenc.sty
Package: inputenc 2024/02/08 v1.3d Input encoding file
\inpenc@prehook=\toks18
\inpenc@posthook=\toks19
) (/usr/share/texmf-dist/tex/latex/base/fontenc.sty
Package: fontenc 2025/07/18 v2.1d Standard LaTeX package
) (/usr/share/texmf-dist/tex/latex/graphics/graphicx.sty
Package: graphicx 2024/12/31 v1.2e Enhanced LaTeX Graphics (DPC,SPQR)
 (/usr/share/texmf-dist/tex/latex/graphics/graphics.sty
Package: graphics 2024/08/06 v1.4g Standard LaTeX Graphics (DPC,SPQR)
 (/usr/share/texmf-dist/tex/latex/graphics/trig.sty
Package: trig 2023/12/02 v1.11 sin cos tan (DPC)
) (/usr/share/texmf-dist/tex/latex/graphics-cfg/graphics.cfg
File: graphics.cfg 2016/06/04 v1.11 sample graphics configuration
)
Package graphics Info: Driver file: pdftex.def on input line 106.
 (/usr/share/texmf-dist/tex/latex/graphics-def/pdftex.def
File: pdftex.def 2025/09/29 v1.2d Graphics/color driver for pdftex
))
\Gin@req@height=\dimen149
\Gin@req@width=\dimen150
) (/usr/share/texmf-dist/tex/generic/babel/babel.sty
Package: babel 2026/02/14 v26.3 The multilingual framework for LuaLaTeX, pdfLaTeX and XeLaTeX
\babel@savecnt=\count285
LaTeX Encoding Info:    Redeclaring text command \ij (encoding OT1) on input line 2078.
LaTeX Encoding Info:    Redeclaring text command \IJ (encoding OT1) on input line 2080.
LaTeX Encoding Info:    Redeclaring text command \ij (encoding T1) on input line 2082.
LaTeX Encoding Info:    Redeclaring text command \IJ (encoding T1) on input line 2083.
LaTeX Encoding Info:    Ignoring declaration for text command \ij (encoding ?) on input line 2084.
LaTeX Encoding Info:    Ignoring declaration for text command \IJ (encoding ?) on input line 2086.
LaTeX Encoding Info:    Ignoring declaration for text command \SS (encoding ?) on input line 2111.
\U@D=\dimen151
\l@unhyphenated=\language8
 (/usr/share/texmf-dist/tex/generic/babel/txtbabel.def)
\bbl@readstream=\read2
\bbl@dirlevel=\count286
 (/usr/share/texmf-dist/tex/generic/babel/locale/invalid/babel-ngerman.tex)
Package babel Info: Importing font and identification data for ngerman
(babel)             from babel-de.ini. Reported on input line 4330.
 (/usr/share/texmf-dist/tex/generic/babel-german/ngerman.ldf
Language: ngerman 
 (/usr/share/texmf-dist/tex/generic/babel-german/babel-german.def
Package babel Info: Making " an active character on input line 470.
))) (/usr/share/texmf-dist/tex/latex/csquotes/csquotes.sty
Package: csquotes 2024-04-04 v5.2o context-sensitive quotations (JAW)
 (/usr/share/texmf-dist/tex/latex/etoolbox/etoolbox.sty
Package: etoolbox 2025/10/02 v2.5m e-TeX tools for LaTeX (JAW)
\etb@tempcnta=\count287
)
\csq@reset=\count288
\csq@gtype=\count289
\csq@glevel=\count290
\csq@qlevel=\count291
\csq@maxlvl=\count292
\csq@tshold=\count293
\csq@ltx@everypar=\toks20
 (/usr/share/texmf-dist/tex/latex/csquotes/csquotes.def
File: csquotes.def 2024-04-04 v5.2o csquotes generic definitions (JAW)
)
Package csquotes Info: Trying to load configuration file 'csquotes.cfg'...
Package csquotes Info: ... configuration file loaded successfully.
 (/usr/share/texmf-dist/tex/latex/csquotes/csquotes.cfg
File: csquotes.cfg 
)) (/usr/share/texmf-dist/tex/latex/acronym/acronym.sty
Package: acronym 2025/01/17 v1.50 Support for acronyms (Tobias Oetiker)
 (/usr/share/texmf-dist/tex/latex/bigfoot/suffix.sty
Package: suffix 2006/07/15 1.5a Variant command support
) (/usr/share/texmf-dist/tex/generic/xstring/xstring.sty (/usr/share/texmf-dist/tex/generic/xstring/xstring.tex
\xs_counta=\count294
\xs_countb=\count295
)
Package: xstring 2023/08/22 v1.86 String manipulations (CT)
)
\AC@clearlist=\toks21
) (/usr/share/texmf-dist/tex/latex/eurosym/eurosym.sty
Package: eurosym 1998/08/06 v1.1 European currency symbol ``Euro''
\@eurobox=\box55
) (/usr/share/texmf-dist/tex/latex/hyperref/hyperref.sty
Package: hyperref 2026-01-29 v7.01p Hypertext links for LaTeX
 (/usr/share/texmf-dist/tex/generic/iftex/iftex.sty
Package: iftex 2024/12/12 v1.0g TeX engine tests
) (/usr/share/texmf-dist/tex/latex/kvsetkeys/kvsetkeys.sty
Package: kvsetkeys 2022-10-05 v1.19 Key value parser (HO)
) (/usr/share/texmf-dist/tex/generic/kvdefinekeys/kvdefinekeys.sty
Package: kvdefinekeys 2019-12-19 v1.6 Define keys (HO)
) (/usr/share/texmf-dist/tex/generic/pdfescape/pdfescape.sty
Package: pdfescape 2019/12/09 v1.15 Implements pdfTeX's escape features (HO)
 (/usr/share/texmf-dist/tex/generic/ltxcmds/ltxcmds.sty
Package: ltxcmds 2023-12-04 v1.26 LaTeX kernel commands for general use (HO)
) (/usr/share/texmf-dist/tex/generic/pdftexcmds/pdftexcmds.sty
Package: pdftexcmds 2020-06-27 v0.33 Utility functions of pdfTeX for LuaTeX (HO)
 (/usr/share/texmf-dist/tex/generic/infwarerr/infwarerr.sty
Package: infwarerr 2019/12/03 v1.5 Providing info/warning/error messages (HO)
)
Package pdftexcmds Info: \pdf@primitive is available.
Package pdftexcmds Info: \pdf@ifprimitive is available.
Package pdftexcmds Info: \pdfdraftmode found.
)) (/usr/share/texmf-dist/tex/latex/hycolor/hycolor.sty
Package: hycolor 2020-01-27 v1.10 Color options for hyperref/bookmark (HO)
) (/usr/share/texmf-dist/tex/latex/hyperref/nameref.sty
Package: nameref 2026-01-29 v2.58 Cross-referencing by name of section
 (/usr/share/texmf-dist/tex/latex/refcount/refcount.sty
Package: refcount 2019/12/15 v3.6 Data extraction from label references (HO)
) (/usr/share/texmf-dist/tex/generic/gettitlestring/gettitlestring.sty
Package: gettitlestring 2019/12/15 v1.6 Cleanup title references (HO)
 (/usr/share/texmf-dist/tex/latex/kvoptions/kvoptions.sty
Package: kvoptions 2022-06-15 v3.15 Key value format for package options (HO)
))
\c@section@level=\count296
) (/usr/share/texmf-dist/tex/generic/stringenc/stringenc.sty
Package: stringenc 2019/11/29 v1.12 Convert strings between diff. encodings (HO)
)
\@linkdim=\dimen152
\Hy@linkcounter=\count297
\Hy@pagecounter=\count298
 (/usr/share/texmf-dist/tex/latex/hyperref/pd1enc.def
File: pd1enc.def 2026-01-29 v7.01p Hyperref: PDFDocEncoding definition (HO)
Now handling font encoding PD1 ...
... no UTF-8 mapping file for font encoding PD1
) (/usr/share/texmf-dist/tex/generic/intcalc/intcalc.sty
Package: intcalc 2019/12/15 v1.3 Expandable calculations with integers (HO)
)
\Hy@SavedSpaceFactor=\count299
 (/usr/share/texmf-dist/tex/latex/hyperref/puenc.def
File: puenc.def 2026-01-29 v7.01p Hyperref: PDF Unicode definition (HO)
Now handling font encoding PU ...
... no UTF-8 mapping file for font encoding PU
)
Package hyperref Info: Option `linktocpage' set `true' on input line 4072.
Package hyperref Info: Hyper figures OFF on input line 4201.
Package hyperref Info: Link nesting OFF on input line 4206.
Package hyperref Info: Hyper index ON on input line 4209.
Package hyperref Info: Plain pages OFF on input line 4216.
Package hyperref Info: Backreferencing OFF on input line 4221.
Package hyperref Info: Implicit mode ON; LaTeX internals redefined.
Package hyperref Info: Bookmarks ON on input line 4468.
\c@Hy@tempcnt=\count300
 (/usr/share/texmf-dist/tex/latex/url/url.sty
\Urlmuskip=\muskip17
Package: url 2013/09/16  ver 3.4  Verb mode for urls, etc.
)
LaTeX Info: Redefining \url on input line 4807.
\XeTeXLinkMargin=\dimen153
 (/usr/share/texmf-dist/tex/generic/bitset/bitset.sty
Package: bitset 2019/12/09 v1.3 Handle bit-vector datatype (HO)
 (/usr/share/texmf-dist/tex/generic/bigintcalc/bigintcalc.sty
Package: bigintcalc 2019/12/15 v1.5 Expandable calculations on big integers (HO)
))
\Fld@menulength=\count301
\Field@Width=\dimen154
\Fld@charsize=\dimen155
Package hyperref Info: Hyper figures OFF on input line 6084.
Package hyperref Info: Link nesting OFF on input line 6089.
Package hyperref Info: Hyper index ON on input line 6092.
Package hyperref Info: backreferencing OFF on input line 6099.
Package hyperref Info: Link coloring OFF on input line 6104.
Package hyperref Info: Link coloring with OCG OFF on input line 6109.
Package hyperref Info: PDF/A mode OFF on input line 6114.
\Hy@abspage=\count302
\c@Item=\count303
\c@Hfootnote=\count304
)
Package hyperref Info: Driver (autodetected): hpdftex.
 (/usr/share/texmf-dist/tex/latex/hyperref/hpdftex.def
File: hpdftex.def 2026-01-29 v7.01p Hyperref driver for pdfTeX
\Fld@listcount=\count305
\c@bookmark@seq@number=\count306
 (/usr/share/texmf-dist/tex/latex/rerunfilecheck/rerunfilecheck.sty
Package: rerunfilecheck 2025-06-21 v1.11 Rerun checks for auxiliary files (HO)
 (/usr/share/texmf-dist/tex/generic/uniquecounter/uniquecounter.sty
Package: uniquecounter 2019/12/15 v1.4 Provide unlimited unique counter (HO)
)
Package uniquecounter Info: New unique counter `rerunfilecheck' on input line 284.
)
\Hy@SectionHShift=\skip66
) (/usr/share/texmf-dist/tex/latex/geometry/geometry.sty
Package: geometry 2020/01/02 v5.9 Page Geometry
 (/usr/share/texmf-dist/tex/generic/iftex/ifvtex.sty
Package: ifvtex 2019/10/25 v1.7 ifvtex legacy package. Use iftex instead.
)
\Gm@cnth=\count307
\Gm@cntv=\count308
\c@Gm@tempcnt=\count309
\Gm@bindingoffset=\dimen156
\Gm@wd@mp=\dimen157
\Gm@odd@mp=\dimen158
\Gm@even@mp=\dimen159
\Gm@layoutwidth=\dimen160
\Gm@layoutheight=\dimen161
\Gm@layouthoffset=\dimen162
\Gm@layoutvoffset=\dimen163
\Gm@dimlist=\toks22
) (/usr/share/texmf-dist/tex/latex/caption/caption.sty
Package: caption 2023/08/05 v3.6o Customizing captions (AR)

Package tocbasic Info: Loading of class-dependent code for package caption3
(tocbasic)             prevented on line 50.

 (/usr/share/texmf-dist/tex/latex/caption/caption3.sty
Package: caption3 2023/07/31 v2.4d caption3 kernel (AR)
\caption@tempdima=\dimen164
\captionmargin=\dimen165
\caption@leftmargin=\dimen166
\caption@rightmargin=\dimen167
\caption@width=\dimen168
\caption@indent=\dimen169
\caption@parindent=\dimen170
\caption@hangindent=\dimen171
)
\c@caption@flags=\count310
\c@continuedfloat=\count311
Package caption Info: hyperref package is loaded.
) (/usr/share/texmf-dist/tex/latex/amsmath/amsmath.sty
Package: amsmath 2025/07/09 v2.17z AMS math features
\@mathmargin=\skip67

For additional information on amsmath, use the `?' option.
(/usr/share/texmf-dist/tex/latex/amsmath/amstext.sty
Package: amstext 2024/11/17 v2.01 AMS text
 (/usr/share/texmf-dist/tex/latex/amsmath/amsgen.sty
File: amsgen.sty 1999/11/30 v2.0 generic functions
\@emptytoks=\toks23
\ex@=\dimen172
)) (/usr/share/texmf-dist/tex/latex/amsmath/amsbsy.sty
Package: amsbsy 1999/11/29 v1.2d Bold Symbols
\pmbraise@=\dimen173
) (/usr/share/texmf-dist/tex/latex/amsmath/amsopn.sty
Package: amsopn 2022/04/08 v2.04 operator names
)
\inf@bad=\count312
LaTeX Info: Redefining \frac on input line 233.
\uproot@=\count313
\leftroot@=\count314
LaTeX Info: Redefining \overline on input line 398.
LaTeX Info: Redefining \colon on input line 409.
\classnum@=\count315
\DOTSCASE@=\count316
LaTeX Info: Redefining \ldots on input line 495.
LaTeX Info: Redefining \dots on input line 498.
LaTeX Info: Redefining \cdots on input line 619.
\Mathstrutbox@=\box56
\strutbox@=\box57
LaTeX Info: Redefining \big on input line 721.
LaTeX Info: Redefining \Big on input line 722.
LaTeX Info: Redefining \bigg on input line 723.
LaTeX Info: Redefining \Bigg on input line 724.
\big@size=\dimen174
LaTeX Font Info:    Redeclaring font encoding OML on input line 742.
LaTeX Font Info:    Redeclaring font encoding OMS on input line 743.
\macc@depth=\count317
LaTeX Info: Redefining \bmod on input line 904.
LaTeX Info: Redefining \pmod on input line 909.
LaTeX Info: Redefining \smash on input line 939.
LaTeX Info: Redefining \relbar on input line 969.
LaTeX Info: Redefining \Relbar on input line 970.
\c@MaxMatrixCols=\count318
\dotsspace@=\muskip18
\c@parentequation=\count319
\dspbrk@lvl=\count320
\tag@help=\toks24
\row@=\count321
\column@=\count322
\maxfields@=\count323
\andhelp@=\toks25
\eqnshift@=\dimen175
\alignsep@=\dimen176
\tagshift@=\dimen177
\tagwidth@=\dimen178
\totwidth@=\dimen179
\lineht@=\dimen180
\@envbody=\toks26
\multlinegap=\skip68
\multlinetaggap=\skip69
\mathdisplay@stack=\toks27
LaTeX Info: Redefining \[ on input line 2950.
LaTeX Info: Redefining \] on input line 2951.
) (/usr/share/texmf-dist/tex/latex/amsfonts/amssymb.sty
Package: amssymb 2013/01/14 v3.01 AMS font symbols
 (/usr/share/texmf-dist/tex/latex/amsfonts/amsfonts.sty
Package: amsfonts 2013/01/14 v3.01 Basic AMSFonts support
\symAMSa=\mathgroup4
\symAMSb=\mathgroup5
LaTeX Font Info:    Redeclaring math symbol \hbar on input line 98.
LaTeX Font Info:    Overwriting math alphabet `\mathfrak' in version `bold'
(Font)                  U/euf/m/n --> U/euf/b/n on input line 106.
)) (/usr/share/texmf-dist/tex/latex/mathtools/mathtools.sty
Package: mathtools 2024/10/04 v1.31 mathematical typesetting tools
 (/usr/share/texmf-dist/tex/latex/tools/calc.sty
Package: calc 2025/03/01 v4.3b Infix arithmetic (KKT,FJ)
\calc@Acount=\count324
\calc@Bcount=\count325
\calc@Adimen=\dimen181
\calc@Bdimen=\dimen182
\calc@Askip=\skip70
\calc@Bskip=\skip71
LaTeX Info: Redefining \setlength on input line 86.
LaTeX Info: Redefining \addtolength on input line 87.
\calc@Ccount=\count326
\calc@Cskip=\skip72
) (/usr/share/texmf-dist/tex/latex/mathtools/mhsetup.sty
Package: mhsetup 2021/03/18 v1.4 programming setup (MH)
)
\g_MT_multlinerow_int=\count327
\l_MT_multwidth_dim=\dimen183
\origjot=\skip73
\l_MT_shortvdotswithinadjustabove_dim=\dimen184
\l_MT_shortvdotswithinadjustbelow_dim=\dimen185
\l_MT_above_intertext_sep=\dimen186
\l_MT_below_intertext_sep=\dimen187
\l_MT_above_shortintertext_sep=\dimen188
\l_MT_below_shortintertext_sep=\dimen189
\xmathstrut@box=\box58
\xmathstrut@dim=\dimen190
) (/usr/share/texmf-dist/tex/latex/booktabs/booktabs.sty
Package: booktabs 2020/01/12 v1.61803398 Publication quality tables
\heavyrulewidth=\dimen191
\lightrulewidth=\dimen192
\cmidrulewidth=\dimen193
\belowrulesep=\dimen194
\belowbottomsep=\dimen195
\aboverulesep=\dimen196
\abovetopsep=\dimen197
\cmidrulesep=\dimen198
\cmidrulekern=\dimen199
\defaultaddspace=\dimen256
\@cmidla=\count328
\@cmidlb=\count329
\@aboverulesep=\dimen257
\@belowrulesep=\dimen258
\@thisruleclass=\count330
\@lastruleclass=\count331
\@thisrulewidth=\dimen259
) (/usr/share/texmf-dist/tex/latex/float/float.sty
Package: float 2001/11/08 v1.3d Float enhancements (AL)
\c@float@type=\count332
\float@exts=\toks28
\float@box=\box59
\@float@everytoks=\toks29
\@floatcapt=\box60
)
Package csquotes Info: Checking for multilingual support...
Package csquotes Info: ... found 'babel' package.
Package csquotes Info: Adjusting default style.
Package csquotes Info: Redefining alias 'default' -> 'ngerman'.
Class scrreprt Info: loading recommended package `bookmark'.
(scrreprt)           Using `bookmark' together with `hyperref' is recommended,
(scrreprt)           because of handling of possible bookmark level gaps.
(scrreprt)           You can avoid loading `bookmark' with KOMA-Script option
(scrreprt)           `bookmarkpackage=false' before \begin{document} and
(scrreprt)           you can avoid this message adding:
(scrreprt)             \usepackage{bookmark}
(scrreprt)           before \begin{document} on input line 34.
 (/usr/share/texmf-dist/tex/latex/bookmark/bookmark.sty
Package: bookmark 2023-12-10 v1.31 PDF bookmarks (HO)
 (/usr/share/texmf-dist/tex/latex/bookmark/bkm-pdftex.def
File: bkm-pdftex.def 2023-12-10 v1.31 bookmark driver for pdfTeX and luaTeX (HO)
\BKM@id=\count333
)) (/usr/share/texmf-dist/tex/latex/l3backend/l3backend-pdftex.def
File: l3backend-pdftex.def 2025-10-09 L3 backend support: PDF output (pdfTeX)
\l__color_backend_stack_int=\count334
) (./DokumentationLabor2.aux
Package babel Info: 'ngerman' activates 'german' shorthands.
(babel)             Reported on input line 11.
)
\openout1 = `DokumentationLabor2.aux'.

LaTeX Font Info:    Checking defaults for OML/cmm/m/it on input line 34.
LaTeX Font Info:    ... okay on input line 34.
LaTeX Font Info:    Checking defaults for OMS/cmsy/m/n on input line 34.
LaTeX Font Info:    ... okay on input line 34.
LaTeX Font Info:    Checking defaults for OT1/cmr/m/n on input line 34.
LaTeX Font Info:    ... okay on input line 34.
LaTeX Font Info:    Checking defaults for T1/cmr/m/n on input line 34.
LaTeX Font Info:    ... okay on input line 34.
LaTeX Font Info:    Checking defaults for TS1/cmr/m/n on input line 34.
LaTeX Font Info:    ... okay on input line 34.
LaTeX Font Info:    Checking defaults for OMX/cmex/m/n on input line 34.
LaTeX Font Info:    ... okay on input line 34.
LaTeX Font Info:    Checking defaults for U/cmr/m/n on input line 34.
LaTeX Font Info:    ... okay on input line 34.
LaTeX Font Info:    Checking defaults for PD1/pdf/m/n on input line 34.
LaTeX Font Info:    ... okay on input line 34.
LaTeX Font Info:    Checking defaults for PU/pdf/m/n on input line 34.
LaTeX Font Info:    ... okay on input line 34.
 (/usr/share/texmf-dist/tex/context/base/mkii/supp-pdf.mkii
[Loading MPS to PDF converter (version 2006.09.02).]
\scratchcounter=\count335
\scratchdimen=\dimen260
\scratchbox=\box61
\nofMPsegments=\count336
\nofMParguments=\count337
\everyMPshowfont=\toks30
\MPscratchCnt=\count338
\MPscratchDim=\dimen261
\MPnumerator=\count339
\makeMPintoPDFobject=\count340
\everyMPtoPDFconversion=\toks31
) (/usr/share/texmf-dist/tex/latex/epstopdf-pkg/epstopdf-base.sty
Package: epstopdf-base 2020-01-24 v2.11 Base part for package epstopdf
Package epstopdf-base Info: Redefining graphics rule for `.eps' on input line 485.
 (/usr/share/texmf-dist/tex/latex/latexconfig/epstopdf-sys.cfg
File: epstopdf-sys.cfg 2010/07/13 v1.3 Configuration of (r)epstopdf for TeX Live
))
Package hyperref Info: Link coloring OFF on input line 34.

*geometry* driver: auto-detecting
*geometry* detected driver: pdftex
*geometry* verbose mode - [ preamble ] result:
* driver: pdftex
* paper: a4paper
* layout: <same size as paper>
* layoutoffset:(h,v)=(0.0pt,0.0pt)
* bindingoffset: 14.22636pt
* modes: twoside 
* h-part:(L,W,R)=(56.9055pt, 469.4705pt, 56.9055pt)
* v-part:(T,H,B)=(56.9055pt, 731.23584pt, 56.9055pt)
* \paperwidth=597.50787pt
* \paperheight=845.04684pt
* \textwidth=469.4705pt
* \textheight=731.23584pt
* \oddsidemargin=-1.13812pt
* \evensidemargin=-15.36449pt
* \topmargin=-55.23949pt
* \headheight=18.125pt
* \headsep=21.75pt
* \topskip=12.0pt
* \footskip=22.76228pt
* \marginparwidth=74.68849pt
* \marginparsep=12.8401pt
* \columnsep=10.0pt
* \skip\footins=10.8pt plus 4.0pt minus 2.0pt
* \hoffset=0.0pt
* \voffset=0.0pt
* \mag=1000
* \@twocolumnfalse
* \@twosidetrue
* \@mparswitchtrue
* \@reversemarginfalse
* (1in=72.27pt=25.4mm, 1cm=28.453pt)

Package caption Info: Begin \AtBeginDocument code.
Package caption Info: float package is loaded.
Package caption Info: End \AtBeginDocument code.
[1



{/var/lib/texmf/fonts/map/pdftex/updmap/pdftex.map}{/usr/share/texmf-dist/fonts/enc/dvips/cm-super/cm-super-t1.enc}] (./DokumentationLabor2.toc
LaTeX Font Info:    Trying to load font information for U+msa on input line 4.
 (/usr/share/texmf-dist/tex/latex/amsfonts/umsa.fd
File: umsa.fd 2013/01/14 v3.01 AMS symbols A
)
LaTeX Font Info:    Trying to load font information for U+msb on input line 4.
 (/usr/share/texmf-dist/tex/latex/amsfonts/umsb.fd
File: umsb.fd 2013/01/14 v3.01 AMS symbols B
))
\tf@toc=\write3
\openout3 = `DokumentationLabor2.toc'.

 [2

] (./DokumentationLabor2.lof)
\tf@lof=\write4
\openout4 = `DokumentationLabor2.lof'.

 [3

]
chapter 1.
</home/mathias/Dokumente/Mathias Schule_Studium/FH/ELITE-Semester/EIT_4/Sensorik und Messchaltungen/Labor/Labor2/OneDrive_1_3.6.2026/Aufgabe 1.png, id=63, 1005.00468pt x 381.67593pt>
File: /home/mathias/Dokumente/Mathias Schule_Studium/FH/ELITE-Semester/EIT_4/Sensorik und Messchaltungen/Labor/Labor2/OneDrive_1_3.6.2026/Aufgabe 1.png Graphic file (type png)
<use /home/mathias/Dokumente/Mathias Schule_Studium/FH/ELITE-Semester/EIT_4/Sensorik und Messchaltungen/Labor/Labor2/OneDrive_1_3.6.2026/Aufgabe 1.png>
Package pdftex.def Info: /home/mathias/Dokumente/Mathias Schule_Studium/FH/ELITE-Semester/EIT_4/Sensorik und Messchaltungen/Labor/Labor2/OneDrive_1_3.6.2026/Aufgabe 1.png  used on input line 82.
(pdftex.def)             Requested size: 298.75394pt x 113.45535pt.
</home/mathias/Dokumente/Mathias Schule_Studium/FH/ELITE-Semester/EIT_4/Sensorik und Messchaltungen/Labor/Labor2/OneDrive_1_3.6.2026/Messaufbau.jpeg, id=67, 902.37125pt x 1604.99625pt>
File: /home/mathias/Dokumente/Mathias Schule_Studium/FH/ELITE-Semester/EIT_4/Sensorik und Messchaltungen/Labor/Labor2/OneDrive_1_3.6.2026/Messaufbau.jpeg Graphic file (type jpg)
<use /home/mathias/Dokumente/Mathias Schule_Studium/FH/ELITE-Semester/EIT_4/Sensorik und Messchaltungen/Labor/Labor2/OneDrive_1_3.6.2026/Messaufbau.jpeg>
Package pdftex.def Info: /home/mathias/Dokumente/Mathias Schule_Studium/FH/ELITE-Semester/EIT_4/Sensorik und Messchaltungen/Labor/Labor2/OneDrive_1_3.6.2026/Messaufbau.jpeg  used on input line 97.
(pdftex.def)             Requested size: 270.30118pt x 480.76788pt.
[4

 </home/mathias/Dokumente/Mathias Schule_Studium/FH/ELITE-Semester/EIT_4/Sensorik und Messchaltungen/Labor/Labor2/OneDrive_1_3.6.2026/Aufgabe 1.png>]
</home/mathias/Dokumente/Mathias Schule_Studium/FH/ELITE-Semester/EIT_4/Sensorik und Messchaltungen/Labor/Labor2/OneDrive_1_3.6.2026/Aufgabe 3.png, id=80, 378.66469pt x 301.8778pt>
File: /home/mathias/Dokumente/Mathias Schule_Studium/FH/ELITE-Semester/EIT_4/Sensorik und Messchaltungen/Labor/Labor2/OneDrive_1_3.6.2026/Aufgabe 3.png Graphic file (type png)
<use /home/mathias/Dokumente/Mathias Schule_Studium/FH/ELITE-Semester/EIT_4/Sensorik und Messchaltungen/Labor/Labor2/OneDrive_1_3.6.2026/Aufgabe 3.png>
Package pdftex.def Info: /home/mathias/Dokumente/Mathias Schule_Studium/FH/ELITE-Semester/EIT_4/Sensorik und Messchaltungen/Labor/Labor2/OneDrive_1_3.6.2026/Aufgabe 3.png  used on input line 104.
(pdftex.def)             Requested size: 298.75394pt x 238.17223pt.

Underfull \vbox (badness 10000) has occurred while \output is active []

 [5 </home/mathias/Dokumente/Mathias Schule_Studium/FH/ELITE-Semester/EIT_4/Sensorik und Messchaltungen/Labor/Labor2/OneDrive_1_3.6.2026/Messaufbau.jpeg>]
</home/mathias/Dokumente/Mathias Schule_Studium/FH/ELITE-Semester/EIT_4/Sensorik und Messchaltungen/Labor/Labor2/OneDrive_1_3.6.2026/Aufgabe 4.png, id=87, 1427.3325pt x 350.81062pt>
File: /home/mathias/Dokumente/Mathias Schule_Studium/FH/ELITE-Semester/EIT_4/Sensorik und Messchaltungen/Labor/Labor2/OneDrive_1_3.6.2026/Aufgabe 4.png Graphic file (type png)
<use /home/mathias/Dokumente/Mathias Schule_Studium/FH/ELITE-Semester/EIT_4/Sensorik und Messchaltungen/Labor/Labor2/OneDrive_1_3.6.2026/Aufgabe 4.png>
Package pdftex.def Info: /home/mathias/Dokumente/Mathias Schule_Studium/FH/ELITE-Semester/EIT_4/Sensorik und Messchaltungen/Labor/Labor2/OneDrive_1_3.6.2026/Aufgabe 4.png  used on input line 114.
(pdftex.def)             Requested size: 298.75394pt x 73.42616pt.
</home/mathias/Dokumente/Mathias Schule_Studium/FH/ELITE-Semester/EIT_4/Sensorik und Messchaltungen/Labor/Labor2/OneDrive_1_3.6.2026/Aufgabe 5.png, id=88, 550.30594pt x 508.90125pt>
File: /home/mathias/Dokumente/Mathias Schule_Studium/FH/ELITE-Semester/EIT_4/Sensorik und Messchaltungen/Labor/Labor2/OneDrive_1_3.6.2026/Aufgabe 5.png Graphic file (type png)
<use /home/mathias/Dokumente/Mathias Schule_Studium/FH/ELITE-Semester/EIT_4/Sensorik und Messchaltungen/Labor/Labor2/OneDrive_1_3.6.2026/Aufgabe 5.png>
Package pdftex.def Info: /home/mathias/Dokumente/Mathias Schule_Studium/FH/ELITE-Semester/EIT_4/Sensorik und Messchaltungen/Labor/Labor2/OneDrive_1_3.6.2026/Aufgabe 5.png  used on input line 121.
(pdftex.def)             Requested size: 298.75394pt x 276.28574pt.

Underfull \vbox (badness 10000) has occurred while \output is active []

 [6 </home/mathias/Dokumente/Mathias Schule_Studium/FH/ELITE-Semester/EIT_4/Sensorik und Messchaltungen/Labor/Labor2/OneDrive_1_3.6.2026/Aufgabe 3.png> </home/mathias/Dokumente/Mathias Schule_Studium/FH/ELITE-Semester/EIT_4/Sensorik und Messchaltungen/Labor/Labor2/OneDrive_1_3.6.2026/Aufgabe 4.png>]
</home/mathias/Dokumente/Mathias Schule_Studium/FH/ELITE-Semester/EIT_4/Sensorik und Messchaltungen/Labor/Labor2/OneDrive_1_3.6.2026/Aufgabe 6.png, id=97, 449.42906pt x 268.00125pt>
File: /home/mathias/Dokumente/Mathias Schule_Studium/FH/ELITE-Semester/EIT_4/Sensorik und Messchaltungen/Labor/Labor2/OneDrive_1_3.6.2026/Aufgabe 6.png Graphic file (type png)
<use /home/mathias/Dokumente/Mathias Schule_Studium/FH/ELITE-Semester/EIT_4/Sensorik und Messchaltungen/Labor/Labor2/OneDrive_1_3.6.2026/Aufgabe 6.png>
Package pdftex.def Info: /home/mathias/Dokumente/Mathias Schule_Studium/FH/ELITE-Semester/EIT_4/Sensorik und Messchaltungen/Labor/Labor2/OneDrive_1_3.6.2026/Aufgabe 6.png  used on input line 135.
(pdftex.def)             Requested size: 298.75394pt x 178.15724pt.

Underfull \vbox (badness 10000) has occurred while \output is active []

 [7 </home/mathias/Dokumente/Mathias Schule_Studium/FH/ELITE-Semester/EIT_4/Sensorik und Messchaltungen/Labor/Labor2/OneDrive_1_3.6.2026/Aufgabe 5.png>]
</home/mathias/Dokumente/Mathias Schule_Studium/FH/ELITE-Semester/EIT_4/Sensorik und Messchaltungen/Labor/Labor2/OneDrive_1_3.6.2026/Aufgabe 7.png, id=106, 546.54187pt x 529.98pt>
File: /home/mathias/Dokumente/Mathias Schule_Studium/FH/ELITE-Semester/EIT_4/Sensorik und Messchaltungen/Labor/Labor2/OneDrive_1_3.6.2026/Aufgabe 7.png Graphic file (type png)
<use /home/mathias/Dokumente/Mathias Schule_Studium/FH/ELITE-Semester/EIT_4/Sensorik und Messchaltungen/Labor/Labor2/OneDrive_1_3.6.2026/Aufgabe 7.png>
Package pdftex.def Info: /home/mathias/Dokumente/Mathias Schule_Studium/FH/ELITE-Semester/EIT_4/Sensorik und Messchaltungen/Labor/Labor2/OneDrive_1_3.6.2026/Aufgabe 7.png  used on input line 142.
(pdftex.def)             Requested size: 298.75394pt x 289.7027pt.
</home/mathias/Dokumente/Mathias Schule_Studium/FH/ELITE-Semester/EIT_4/Sensorik und Messchaltungen/Labor/Labor2/OneDrive_1_3.6.2026/Aufgabe 8.png, id=108, 1444.64719pt x 758.08218pt>
File: /home/mathias/Dokumente/Mathias Schule_Studium/FH/ELITE-Semester/EIT_4/Sensorik und Messchaltungen/Labor/Labor2/OneDrive_1_3.6.2026/Aufgabe 8.png Graphic file (type png)
<use /home/mathias/Dokumente/Mathias Schule_Studium/FH/ELITE-Semester/EIT_4/Sensorik und Messchaltungen/Labor/Labor2/OneDrive_1_3.6.2026/Aufgabe 8.png>
Package pdftex.def Info: /home/mathias/Dokumente/Mathias Schule_Studium/FH/ELITE-Semester/EIT_4/Sensorik und Messchaltungen/Labor/Labor2/OneDrive_1_3.6.2026/Aufgabe 8.png  used on input line 152.
(pdftex.def)             Requested size: 298.75394pt x 156.7728pt.

Underfull \vbox (badness 10000) has occurred while \output is active []

 [8 </home/mathias/Dokumente/Mathias Schule_Studium/FH/ELITE-Semester/EIT_4/Sensorik und Messchaltungen/Labor/Labor2/OneDrive_1_3.6.2026/Aufgabe 6.png> </home/mathias/Dokumente/Mathias Schule_Studium/FH/ELITE-Semester/EIT_4/Sensorik und Messchaltungen/Labor/Labor2/OneDrive_1_3.6.2026/Aufgabe 7.png>]
</home/mathias/Dokumente/Mathias Schule_Studium/FH/ELITE-Semester/EIT_4/Sensorik und Messchaltungen/Labor/Labor2/OneDrive_1_3.6.2026/Aufgabe 10.png, id=118, 1427.3325pt x 350.81062pt>
File: /home/mathias/Dokumente/Mathias Schule_Studium/FH/ELITE-Semester/EIT_4/Sensorik und Messchaltungen/Labor/Labor2/OneDrive_1_3.6.2026/Aufgabe 10.png Graphic file (type png)
<use /home/mathias/Dokumente/Mathias Schule_Studium/FH/ELITE-Semester/EIT_4/Sensorik und Messchaltungen/Labor/Labor2/OneDrive_1_3.6.2026/Aufgabe 10.png>
Package pdftex.def Info: /home/mathias/Dokumente/Mathias Schule_Studium/FH/ELITE-Semester/EIT_4/Sensorik und Messchaltungen/Labor/Labor2/OneDrive_1_3.6.2026/Aufgabe 10.png  used on input line 173.
(pdftex.def)             Requested size: 298.75394pt x 73.42616pt.
</home/mathias/Dokumente/Mathias Schule_Studium/FH/ELITE-Semester/EIT_4/Sensorik und Messchaltungen/Labor/Labor2/OneDrive_1_3.6.2026/Aufgabe 10_2.png, id=119, 921.4425pt x 752.8125pt>
File: /home/mathias/Dokumente/Mathias Schule_Studium/FH/ELITE-Semester/EIT_4/Sensorik und Messchaltungen/Labor/Labor2/OneDrive_1_3.6.2026/Aufgabe 10_2.png Graphic file (type png)
<use /home/mathias/Dokumente/Mathias Schule_Studium/FH/ELITE-Semester/EIT_4/Sensorik und Messchaltungen/Labor/Labor2/OneDrive_1_3.6.2026/Aufgabe 10_2.png>
Package pdftex.def Info: /home/mathias/Dokumente/Mathias Schule_Studium/FH/ELITE-Semester/EIT_4/Sensorik und Messchaltungen/Labor/Labor2/OneDrive_1_3.6.2026/Aufgabe 10_2.png  used on input line 180.
(pdftex.def)             Requested size: 298.75394pt x 244.07532pt.

Underfull \vbox (badness 10000) has occurred while \output is active []

 [9 </home/mathias/Dokumente/Mathias Schule_Studium/FH/ELITE-Semester/EIT_4/Sensorik und Messchaltungen/Labor/Labor2/OneDrive_1_3.6.2026/Aufgabe 8.png> </home/mathias/Dokumente/Mathias Schule_Studium/FH/ELITE-Semester/EIT_4/Sensorik und Messchaltungen/Labor/Labor2/OneDrive_1_3.6.2026/Aufgabe 10.png>]
</home/mathias/Dokumente/Mathias Schule_Studium/FH/ELITE-Semester/EIT_4/Sensorik und Messchaltungen/Labor/Labor2/OneDrive_1_3.6.2026/Aufgabe 11.png, id=130, 1442.38875pt x 809.27344pt>
File: /home/mathias/Dokumente/Mathias Schule_Studium/FH/ELITE-Semester/EIT_4/Sensorik und Messchaltungen/Labor/Labor2/OneDrive_1_3.6.2026/Aufgabe 11.png Graphic file (type png)
<use /home/mathias/Dokumente/Mathias Schule_Studium/FH/ELITE-Semester/EIT_4/Sensorik und Messchaltungen/Labor/Labor2/OneDrive_1_3.6.2026/Aufgabe 11.png>
Package pdftex.def Info: /home/mathias/Dokumente/Mathias Schule_Studium/FH/ELITE-Semester/EIT_4/Sensorik und Messchaltungen/Labor/Labor2/OneDrive_1_3.6.2026/Aufgabe 11.png  used on input line 187.
(pdftex.def)             Requested size: 298.75394pt x 167.61856pt.
 [10 </home/mathias/Dokumente/Mathias Schule_Studium/FH/ELITE-Semester/EIT_4/Sensorik und Messchaltungen/Labor/Labor2/OneDrive_1_3.6.2026/Aufgabe 10_2.png> </home/mathias/Dokumente/Mathias Schule_Studium/FH/ELITE-Semester/EIT_4/Sensorik und Messchaltungen/Labor/Labor2/OneDrive_1_3.6.2026/Aufgabe 11.png>] (./DokumentationLabor2.aux)
 ***********
LaTeX2e <2025-11-01>
L3 programming layer <2026-01-19>
 ***********
 ) 
Here is how much of TeX's memory you used:
 18715 strings out of 469462
 337979 string characters out of 5468615
 911759 words of memory out of 5000000
 47133 multiletter control sequences out of 15000+600000
 639607 words of font info for 68 fonts, out of 8000000 for 9000
 14 hyphenation exceptions out of 8191
 108i,7n,107p,11346b,595s stack positions out of 10000i,1000n,20000p,200000b,200000s
</usr/share/texmf-dist/fonts/type1/public/amsfonts/cm/cmex10.pfb></usr/share/texmf-dist/fonts/type1/public/amsfonts/cm/cmmi12.pfb></usr/share/texmf-dist/fonts/type1/public/amsfonts/cm/cmr12.pfb></usr/share/texmf-dist/fonts/type1/public/amsfonts/cm/cmr8.pfb></usr/share/texmf-dist/fonts/type1/public/amsfonts/cm/cmsy10.pfb></usr/share/texmf-dist/fonts/type1/public/amsfonts/cm/cmsy8.pfb></usr/share/texmf-dist/fonts/type1/public/cm-super/sfrm0800.pfb></usr/share/texmf-dist/fonts/type1/public/cm-super/sfrm1200.pfb></usr/share/texmf-dist/fonts/type1/public/cm-super/sfsx1200.pfb></usr/share/texmf-dist/fonts/type1/public/cm-super/sfsx1440.pfb></usr/share/texmf-dist/fonts/type1/public/cm-super/sfsx1728.pfb></usr/share/texmf-dist/fonts/type1/public/cm-super/sfsx2488.pfb>
Output written on DokumentationLabor2.pdf (10 pages, 665397 bytes).
PDF statistics:
 226 PDF objects out of 1000 (max. 8388607)
 167 compressed objects within 2 object streams
 38 named destinations out of 1000 (max. 500000)
 120 words of extra memory for PDF output out of 10000 (max. 10000000)

