LTspice 24.1.9 for Windows
Circuit: C:\Users\mla4685\OneDrive - FH Vorarlberg\Desktop\Sensorik\Umgebung.net
Start Time: Tue May 26 16:27:04 2026
C:\Users\mla4685\OneDrive - FH Vorarlberg\Desktop\Sensorik\Umgebung.net(5): Sub-circuit name listed twice. This is most likely because the corresponding symbol contains the name in more than one attribute.
X§U1 N001 N002 V+ V- out LM324 LM324
                              ^^^^^^
solver = Normal
Maximum thread count: 28
tnom = 27
temp = 27
method = trap
Direct Newton iteration failed to find .op point.  (Use ".option noopiter" to skip.)
Starting Gmin stepping
Gmin = 10
Gmin = 1.07374
Gmin = 0.115292
Gmin = 0.0123794
Gmin = 0.00132923
Gmin = 0.000142725
vernier = 0.5
Gmin = 2.66058e-05
vernier = 0.25
vernier = 0.125
vernier = 0.0625
Gmin = 2.60757e-05
vernier = 0.0833333
vernier = 0.111111
Gmin = 2.11467e-05
vernier = 0.148148
Gmin = 1.52363e-05
vernier = 0.197531
vernier = 0.263374
Gmin = 8.84102e-06
vernier = 0.351165
vernier = 0.46822
Gmin = 3.76437e-06
vernier = 0.624294
Gmin = 1.0127e-06
vernier = 0.832392
vernier = 1
Gmin = 1.33422e-07
Gmin = 1.43261e-08
Gmin = 1.53826e-09
Gmin = 1.65169e-10
Gmin = 1.77349e-11
Gmin = 1.90427e-12
Gmin = 2.04469e-13
Gmin = 0
Gmin stepping succeeded in finding the operating point.

Total elapsed time: 0.360 seconds.

Files loaded:
C:\Users\mla4685\OneDrive - FH Vorarlberg\Desktop\Sensorik\Umgebung.net
C:\Users\mla4685\OneDrive - FH Vorarlberg\Desktop\Sensorik\LM324.lib

