\BOOKMARK [0][-]{part*.2}{\376\377\000T\000e\000i\000l\000\040\0001\000:\000\040\000F\000e\000l\000i\000x\000\040\000F\000e\000u\000s\000t\000e\000l}{}% 1
\BOOKMARK [1][-]{section.1}{\376\377\000\334\000b\000e\000r\000t\000r\000a\000g\000u\000n\000g\000s\000a\000r\000t\000e\000n\000\040\000u\000n\000d\000\040\000M\000a\000t\000e\000r\000i\000a\000l\000i\000e\000n}{part*.2}% 2
\BOOKMARK [2][-]{subsection.1.1}{\376\377\000V\000o\000r\000-\000\040\000u\000n\000d\000\040\000N\000a\000c\000h\000t\000e\000i\000l\000e}{section.1}% 3
\BOOKMARK [2][-]{subsection.1.2}{\376\377\000K\000u\000p\000f\000e\000r\000\040\000v\000s\000.\000\040\000A\000l\000u\000m\000i\000n\000i\000u\000m\000\040\000\050\000M\000a\000t\000e\000r\000i\000a\000l\000v\000e\000r\000g\000l\000e\000i\000c\000h\000\051}{section.1}% 4
\BOOKMARK [2][-]{subsection.1.3}{\376\377\000F\000o\000r\000m\000e\000l\000n\000\040\000f\000\374\000r\000\040\000r\000e\000s\000i\000s\000t\000i\000v\000e\000\040\000V\000e\000r\000l\000u\000s\000t\000e\000\040\000u\000n\000d\000\040\000L\000e\000i\000t\000u\000n\000g\000s\000b\000e\000l\000\344\000g\000e}{section.1}% 5
\BOOKMARK [1][-]{section.2}{\376\377\000F\000r\000e\000i\000l\000e\000i\000t\000u\000n\000g\000e\000n\000\040\000\050\000O\000v\000e\000r\000h\000e\000a\000d\000\040\000L\000i\000n\000e\000s\000\051}{part*.2}% 6
\BOOKMARK [2][-]{subsection.2.1}{\376\377\000M\000a\000s\000t\000e\000n\000\040\000u\000n\000d\000\040\000T\000u\000r\000m\000-\000S\000p\000e\000z\000i\000f\000i\000k\000a\000t\000i\000o\000n\000e\000n}{section.2}% 7
\BOOKMARK [2][-]{subsection.2.2}{\376\377\000B\000u\000n\000d\000l\000e\000\040\000C\000o\000n\000d\000u\000c\000t\000o\000r\000s\000\040\000\050\000B\000\374\000n\000d\000e\000l\000l\000e\000i\000t\000e\000r\000\051\000\040\000\046\000\040\000C\000o\000r\000o\000n\000a\000\040\000L\000o\000s\000s\000e\000s}{section.2}% 8
\BOOKMARK [2][-]{subsection.2.3}{\376\377\000I\000s\000o\000l\000a\000t\000o\000r\000e\000n\000,\000\040\000E\000r\000d\000s\000e\000i\000l\000e\000\040\000u\000n\000d\000\040\000T\000r\000a\000n\000s\000p\000o\000s\000i\000t\000i\000o\000n}{section.2}% 9
\BOOKMARK [2][-]{subsection.2.4}{\376\377\000S\000a\000g\000\040\000u\000n\000d\000\040\000G\000a\000l\000l\000o\000p\000i\000n\000g}{section.2}% 10
\BOOKMARK [1][-]{section.3}{\376\377\000H\000o\000c\000h\000s\000p\000a\000n\000n\000u\000n\000g\000s\000k\000a\000b\000e\000l\000\040\000\050\000H\000i\000g\000h\000\040\000V\000o\000l\000t\000a\000g\000e\000\040\000C\000a\000b\000l\000e\000s\000\051}{part*.2}% 11
\BOOKMARK [1][-]{section.4}{\376\377\000K\000u\000r\000z\000s\000c\000h\000l\000\374\000s\000s\000e\000\040\000\050\000S\000h\000o\000r\000t\000\040\000C\000i\000r\000c\000u\000i\000t\000s\000\051}{part*.2}% 12
\BOOKMARK [2][-]{subsection.4.1}{\376\377\000K\000u\000r\000z\000s\000c\000h\000l\000u\000s\000s\000b\000e\000r\000e\000c\000h\000n\000u\000n\000g\000\040\000\046\000\040\000E\000r\000s\000a\000t\000z\000s\000c\000h\000a\000l\000t\000b\000i\000l\000d\000e\000r}{section.4}% 13
\BOOKMARK [1][-]{section.5}{\376\377\000S\000y\000s\000t\000e\000m\000\040\000I\000n\000f\000l\000u\000e\000n\000c\000e\000s\000\040\000\046\000\040\000S\000y\000m\000m\000e\000t\000r\000i\000c\000a\000l\000\040\000C\000o\000m\000p\000o\000n\000e\000n\000t\000s}{part*.2}% 14
\BOOKMARK [2][-]{subsection.5.1}{\376\377\000S\000y\000s\000t\000e\000m\000\040\000I\000n\000f\000l\000u\000e\000n\000c\000e\000s}{section.5}% 15
\BOOKMARK [2][-]{subsection.5.2}{\376\377\000S\000y\000m\000m\000e\000t\000r\000i\000c\000a\000l\000\040\000C\000o\000m\000p\000o\000n\000e\000n\000t\000s\000\040\000\050\000S\000y\000m\000m\000e\000t\000r\000i\000s\000c\000h\000e\000\040\000K\000o\000m\000p\000o\000n\000e\000n\000t\000e\000n\000\051}{section.5}% 16
\BOOKMARK [1][-]{section.6}{\376\377\000W\000i\000r\000e\000l\000e\000s\000s\000\040\000T\000r\000a\000n\000s\000m\000i\000s\000s\000i\000o\000n\000\040\000\046\000\040\000S\000c\000h\000u\000t\000z\000s\000y\000s\000t\000e\000m\000e}{part*.2}% 17
\BOOKMARK [2][-]{subsection.6.1}{\376\377\000W\000i\000r\000e\000l\000e\000s\000s\000\040\000T\000r\000a\000n\000s\000m\000i\000s\000s\000i\000o\000n}{section.6}% 18
\BOOKMARK [2][-]{subsection.6.2}{\376\377\000S\000c\000h\000u\000t\000z\000s\000y\000s\000t\000e\000m\000e\000\040\000-\000\040\000M\000\366\000g\000l\000i\000c\000h\000e\000\040\000F\000r\000a\000g\000e\000n}{section.6}% 19
\BOOKMARK [0][-]{part*.3}{\376\377\000T\000e\000i\000l\000\040\0002\000:\000\040\000R\000u\000b\000e\000n\000\040\000L\000l\000i\000u\000y\000a\000c\000c\000\040\000B\000l\000a\000s}{}% 20
\BOOKMARK [1][-]{section.7}{\376\377\000N\000e\000t\000z\000s\000t\000r\000u\000k\000t\000u\000r\000e\000n\000\040\000u\000n\000d\000\040\000G\000e\000n\000e\000r\000i\000e\000r\000u\000n\000g}{part*.3}% 21
\BOOKMARK [1][-]{section.8}{\376\377\000M\000o\000d\000e\000l\000l\000i\000e\000r\000u\000n\000g\000\040\000d\000e\000s\000\040\000D\000r\000e\000i\000p\000h\000a\000s\000e\000n\000s\000y\000s\000t\000e\000m\000s}{part*.3}% 22
\BOOKMARK [2][-]{subsection.8.1}{\376\377\000E\000r\000s\000a\000t\000z\000s\000c\000h\000a\000l\000t\000b\000i\000l\000d\000e\000r\000\040\000u\000n\000d\000\040\000P\000e\000r\000-\000U\000n\000i\000t}{section.8}% 23
\BOOKMARK [1][-]{section.9}{\376\377\000P\000o\000w\000e\000r\000\040\000F\000l\000o\000w\000\040\000\050\000L\000e\000i\000s\000t\000u\000n\000g\000s\000f\000l\000u\000s\000s\000b\000e\000r\000e\000c\000h\000n\000u\000n\000g\000\051}{part*.3}% 24
\BOOKMARK [2][-]{subsection.9.1}{\376\377\000L\000\366\000s\000u\000n\000g\000\040\000d\000e\000r\000\040\000P\000o\000w\000e\000r\000\040\000F\000l\000o\000w\000\040\000G\000l\000e\000i\000c\000h\000u\000n\000g\000e\000n}{section.9}% 25
