\BOOKMARK [1][-]{section.1}{\376\377\000I\000n\000t\000r\000o\000d\000u\000c\000t\000i\000o\000n}{}% 1
\BOOKMARK [1][-]{section.2}{\376\377\000E\000q\000u\000i\000p\000m\000e\000n\000t\000\040\000a\000n\000d\000\040\000M\000a\000t\000e\000r\000i\000a\000l\000s}{}% 2
\BOOKMARK [1][-]{section.3}{\376\377\000T\000h\000e\000o\000r\000e\000t\000i\000c\000a\000l\000\040\000B\000a\000c\000k\000g\000r\000o\000u\000n\000d}{}% 3
\BOOKMARK [2][-]{subsection.3.1}{\376\377\000S\000h\000i\000f\000t\000\040\000R\000e\000g\000i\000s\000t\000e\000r\000\040\000\050\0007\0004\000H\000C\0001\0006\0004\000\051}{section.3}% 4
\BOOKMARK [2][-]{subsection.3.2}{\376\377\000D\000-\000t\000y\000p\000e\000\040\000F\000l\000i\000p\000-\000F\000l\000o\000p\000\040\000\050\0007\0004\000H\000C\0007\0004\000\051}{section.3}% 5
\BOOKMARK [2][-]{subsection.3.3}{\376\377\000P\000o\000w\000e\000r\000-\000O\000n\000\040\000R\000e\000s\000e\000t}{section.3}% 6
\BOOKMARK [2][-]{subsection.3.4}{\376\377\000M\000o\000n\000o\000f\000l\000o\000p\000\040\000\050\0007\0004\000H\000C\0002\0002\0001\000\051}{section.3}% 7
\BOOKMARK [2][-]{subsection.3.5}{\376\377\000B\000C\000D\000\040\000D\000e\000c\000a\000d\000e\000\040\000C\000o\000u\000n\000t\000e\000r\000\040\000\050\0007\0004\000H\000C\0001\0006\0000\000\051}{section.3}% 8
\BOOKMARK [1][-]{section.4}{\376\377\000P\000r\000o\000c\000e\000d\000u\000r\000e\000s}{}% 9
\BOOKMARK [1][-]{section.5}{\376\377\000R\000e\000s\000u\000l\000t\000s\000\040\000a\000n\000d\000\040\000D\000i\000s\000c\000u\000s\000s\000i\000o\000n}{}% 10
\BOOKMARK [2][-]{subsection.5.1}{\376\377\000T\000a\000s\000k\000\040\0003\000.\0001\000\040\040\023\000\040\000C\000h\000a\000s\000e\000r\000\040\000L\000i\000g\000h\000t\000\040\000\050\0008\000-\000b\000i\000t\000\040\000S\000h\000i\000f\000t\000\040\000R\000e\000g\000i\000s\000t\000e\000r\000\051}{section.5}% 11
\BOOKMARK [3][-]{subsubsection.5.1.1}{\376\377\000C\000i\000r\000c\000u\000i\000t\000\040\000D\000e\000s\000c\000r\000i\000p\000t\000i\000o\000n\000\040\000a\000n\000d\000\040\000D\000e\000s\000i\000g\000n}{subsection.5.1}% 12
\BOOKMARK [3][-]{subsubsection.5.1.2}{\376\377\000L\000T\000S\000p\000i\000c\000e\000\040\000S\000i\000m\000u\000l\000a\000t\000i\000o\000n}{subsection.5.1}% 13
\BOOKMARK [3][-]{subsubsection.5.1.3}{\376\377\000B\000r\000e\000a\000d\000b\000o\000a\000r\000d\000\040\000V\000e\000r\000i\000f\000i\000c\000a\000t\000i\000o\000n}{subsection.5.1}% 14
\BOOKMARK [2][-]{subsection.5.2}{\376\377\000T\000a\000s\000k\000\040\0003\000.\0002\000\040\040\023\000\040\000C\000a\000t\000c\000h\000\040\000C\000i\000r\000c\000u\000i\000t\000\040\000\050\000M\000o\000n\000o\000f\000l\000o\000p\000\040\000E\000x\000t\000e\000n\000s\000i\000o\000n\000\051}{section.5}% 15
\BOOKMARK [3][-]{subsubsection.5.2.1}{\376\377\000C\000i\000r\000c\000u\000i\000t\000\040\000D\000e\000s\000c\000r\000i\000p\000t\000i\000o\000n\000\040\000a\000n\000d\000\040\000D\000e\000s\000i\000g\000n}{subsection.5.2}% 16
\BOOKMARK [3][-]{subsubsection.5.2.2}{\376\377\000L\000T\000S\000p\000i\000c\000e\000\040\000S\000i\000m\000u\000l\000a\000t\000i\000o\000n}{subsection.5.2}% 17
\BOOKMARK [3][-]{subsubsection.5.2.3}{\376\377\000B\000r\000e\000a\000d\000b\000o\000a\000r\000d\000\040\000V\000e\000r\000i\000f\000i\000c\000a\000t\000i\000o\000n}{subsection.5.2}% 18
\BOOKMARK [2][-]{subsection.5.3}{\376\377\000T\000a\000s\000k\000\040\0003\000.\0003\000\040\040\023\000\040\000C\000a\000t\000c\000h\000\040\000C\000o\000u\000n\000t\000e\000r\000\040\000\050\000B\000C\000D\000\040\000C\000o\000u\000n\000t\000e\000r\000\040\000E\000x\000t\000e\000n\000s\000i\000o\000n\000\051}{section.5}% 19
\BOOKMARK [3][-]{subsubsection.5.3.1}{\376\377\000C\000i\000r\000c\000u\000i\000t\000\040\000D\000e\000s\000c\000r\000i\000p\000t\000i\000o\000n\000\040\000a\000n\000d\000\040\000D\000e\000s\000i\000g\000n}{subsection.5.3}% 20
\BOOKMARK [3][-]{subsubsection.5.3.2}{\376\377\000L\000T\000S\000p\000i\000c\000e\000\040\000S\000i\000m\000u\000l\000a\000t\000i\000o\000n}{subsection.5.3}% 21
\BOOKMARK [3][-]{subsubsection.5.3.3}{\376\377\000B\000r\000e\000a\000d\000b\000o\000a\000r\000d\000\040\000V\000e\000r\000i\000f\000i\000c\000a\000t\000i\000o\000n}{subsection.5.3}% 22
\BOOKMARK [1][-]{section.6}{\376\377\000C\000o\000n\000c\000l\000u\000s\000i\000o\000n\000s}{}% 23
\BOOKMARK [1][-]{section.7}{\376\377\000S\000u\000m\000m\000a\000r\000y}{}% 24
\BOOKMARK [1][-]{section.8}{\376\377\000O\000u\000t\000l\000o\000o\000k}{}% 25
\BOOKMARK [1][-]{appendix.A}{\376\377\000A\000p\000p\000e\000n\000d\000i\000x\000\040\000A\000\040\040\023\000\040\000S\000c\000h\000e\000m\000a\000t\000i\000c\000s}{}% 26
\BOOKMARK [2][-]{subsection.A.1}{\376\377\000T\000a\000s\000k\000\040\0003\000.\0001\000\040\040\023\000\040\000C\000h\000a\000s\000e\000r\000\040\000L\000i\000g\000h\000t}{appendix.A}% 27
\BOOKMARK [2][-]{subsection.A.2}{\376\377\000T\000a\000s\000k\000\040\0003\000.\0002\000\040\040\023\000\040\000C\000a\000t\000c\000h\000\040\000C\000i\000r\000c\000u\000i\000t}{appendix.A}% 28
\BOOKMARK [2][-]{subsection.A.3}{\376\377\000T\000a\000s\000k\000\040\0003\000.\0003\000\040\040\023\000\040\000C\000a\000t\000c\000h\000\040\000C\000o\000u\000n\000t\000e\000r}{appendix.A}% 29
\BOOKMARK [1][-]{appendix.B}{\376\377\000A\000p\000p\000e\000n\000d\000i\000x\000\040\000B\000\040\040\023\000\040\000A\000c\000t\000u\000a\000l\000\040\000C\000o\000m\000p\000o\000n\000e\000n\000t\000\040\000V\000a\000l\000u\000e\000s}{}% 30
